// Jest Snapshot v1, https://goo.gl/fbAQLP

exports[`ConnectionTemplates listPage should escape html in name 1`] = `"<!DOCTYPE html><html lang=\\"en\\"><head><script src=\\"lib/htmx.org/htmx.min.js\\"></script><script src=\\"lib/htmx.org/ext/json-enc.js\\"></script><link rel=\\"icon\\" type=\\"image/ico\\" sizes=\\"48x48\\" href=\\"/public/images/favicon.ico\\"/><link rel=\\"stylesheet\\" type=\\"text/css\\" href=\\"/public/styles/main.css\\"/><link rel=\\"stylesheet\\" type=\\"text/css\\" href=\\"/public/styles/semantic.css\\"/><title>Veritable - Connections</title></head><body class=\\"flex-page\\" hx-ext=\\"json-enc\\"><div class=\\"flex-page side-bar\\"><a>item 1</a></div><div class=\\"flex-page content\\"><div class=\\"content header\\">/header</div><div><div>&lt;div>I own you&lt;/div></div><div>verified_both</div></div></div></body></html>"`;

exports[`ConnectionTemplates listPage should render multiple with each status 1`] = `"<!DOCTYPE html><html lang=\\"en\\"><head><script src=\\"lib/htmx.org/htmx.min.js\\"></script><script src=\\"lib/htmx.org/ext/json-enc.js\\"></script><link rel=\\"icon\\" type=\\"image/ico\\" sizes=\\"48x48\\" href=\\"/public/images/favicon.ico\\"/><link rel=\\"stylesheet\\" type=\\"text/css\\" href=\\"/public/styles/main.css\\"/><link rel=\\"stylesheet\\" type=\\"text/css\\" href=\\"/public/styles/semantic.css\\"/><title>Veritable - Connections</title></head><body class=\\"flex-page\\" hx-ext=\\"json-enc\\"><div class=\\"flex-page side-bar\\"><a>item 1</a></div><div class=\\"flex-page content\\"><div class=\\"content header\\">/header</div><div><div>Company A</div><div>disconnected</div></div><div><div>Company B</div><div>pending</div></div><div><div>Company C</div><div>unverified</div></div><div><div>Company D</div><div>verified_both</div></div><div><div>Company E</div><div>verified_them</div></div><div><div>Company F</div><div>verified_us</div></div></div></body></html>"`;

exports[`ConnectionTemplates listPage should render with no connections 1`] = `"<!DOCTYPE html><html lang=\\"en\\"><head><script src=\\"lib/htmx.org/htmx.min.js\\"></script><script src=\\"lib/htmx.org/ext/json-enc.js\\"></script><link rel=\\"icon\\" type=\\"image/ico\\" sizes=\\"48x48\\" href=\\"/public/images/favicon.ico\\"/><link rel=\\"stylesheet\\" type=\\"text/css\\" href=\\"/public/styles/main.css\\"/><link rel=\\"stylesheet\\" type=\\"text/css\\" href=\\"/public/styles/semantic.css\\"/><title>Veritable - Connections</title></head><body class=\\"flex-page\\" hx-ext=\\"json-enc\\"><div class=\\"flex-page side-bar\\"><a>item 1</a></div><div class=\\"flex-page content\\"><div class=\\"content header\\">/header</div></div></body></html>"`;

exports[`ConnectionTemplates listPage should render with single connection 1`] = `"<!DOCTYPE html><html lang=\\"en\\"><head><script src=\\"lib/htmx.org/htmx.min.js\\"></script><script src=\\"lib/htmx.org/ext/json-enc.js\\"></script><link rel=\\"icon\\" type=\\"image/ico\\" sizes=\\"48x48\\" href=\\"/public/images/favicon.ico\\"/><link rel=\\"stylesheet\\" type=\\"text/css\\" href=\\"/public/styles/main.css\\"/><link rel=\\"stylesheet\\" type=\\"text/css\\" href=\\"/public/styles/semantic.css\\"/><title>Veritable - Connections</title></head><body class=\\"flex-page\\" hx-ext=\\"json-enc\\"><div class=\\"flex-page side-bar\\"><a>item 1</a></div><div class=\\"flex-page content\\"><div class=\\"content header\\">/header</div><div><div>Company A</div><div>disconnected</div></div></div></body></html>"`;
