// Jest Snapshot v1, https://goo.gl/fbAQLP

exports[`HomepageTemplates should render homepage 1`] = `"<!DOCTYPE html><html lang=\\"en\\"><head><script src=\\"/lib/htmx.org/htmx.min.js\\"></script><script src=\\"/lib/htmx-ext-json-enc/json-enc.js\\"></script><script src=\\"/public/scripts/auth-redirect.js\\"></script><link rel=\\"icon\\" type=\\"image/ico\\" href=\\"/public/images/favicon-dark.ico\\" media=\\"(prefers-color-scheme: dark)\\"/><link rel=\\"icon\\" type=\\"image/ico\\" href=\\"/public/images/favicon.ico\\" media=\\"(prefers-color-scheme: light), (prefers-color-scheme: no-preference)\\"/><link rel=\\"stylesheet\\" type=\\"text/css\\" href=\\"/public/styles/main.css\\"/><link rel=\\"stylesheet\\" type=\\"text/css\\" href=\\"/public/styles/homepage.css\\"/><title>Veritable - Homepage</title></head><body hx-ext=\\"json-enc\\"><nav id=\\"side-bar\\"><img src=\\"/public/images/logo-square.svg\\"/><div class=\\"profile-icon\\" style=\\"background-color:#38b6ff;\\">A</div><a title=\\"categories\\" href=\\"/\\" data-active style=\\"--background-image:url('/public/images/category.svg');\\"></a><a title=\\"queries\\" href=\\"/queries\\" style=\\"--background-image:url('/public/images/query.svg');\\"></a><a title=\\"credentials\\" href=\\"/credentials\\" style=\\"--background-image:url('/public/images/credential.svg');\\"></a><a title=\\"connections\\" href=\\"/connection\\" style=\\"--background-image:url('/public/images/connection.svg');\\"></a><a title=\\"settings\\" href=\\"/settings\\" style=\\"--background-image:url('/public/images/setting.svg');\\"></a></nav><main><div id=\\"content-header\\"><h1>Homepage</h1><div id=\\"content-header-nav\\"><a title=\\"home\\" class=\\"nav icon\\" href=\\"/\\"></a><a title=\\"\\" href=\\"/\\"></a></div></div><div id=\\"content-main\\"><div id=\\"homepage-container\\"><a href=\\"/queries\\"><img src=\\"/public/images/query.svg\\"/><h1>Queries</h1><p>Ask and answer digitally verified questions from any of your contacts.</p></a><a href=\\"/credentials\\"><img src=\\"/public/images/credential.svg\\"/><h1>Credentials</h1><p>Manage and verify digital credentials securely within your network.</p></a><a href=\\"/connection\\"><img src=\\"/public/images/connection.svg\\"/><h1>Onboard/Refer</h1><p>Easily onboard new companies or refer companies to join your network.</p></a><a href=\\"/settings\\"><img src=\\"/public/images/setting.svg\\"/><h1>Settings</h1><p>Manage your account preferences and profile settings.</p></a></div></div></main></body></html>"`;
