// Jest Snapshot v1, https://goo.gl/fbAQLP

exports[`FromInviteTemplates show form should render a web page with the a form in an empty state 1`] = `"<!DOCTYPE html><html lang=\\"en\\"><head><script src=\\"/lib/htmx.org/htmx.min.js\\"></script><script src=\\"/lib/htmx-ext-json-enc/json-enc.js\\"></script><script src=\\"/public/scripts/auth-redirect.js\\"></script><link rel=\\"icon\\" type=\\"image/ico\\" href=\\"/public/images/favicon-dark.ico\\" media=\\"(prefers-color-scheme: dark)\\"/><link rel=\\"icon\\" type=\\"image/ico\\" href=\\"/public/images/favicon.ico\\" media=\\"(prefers-color-scheme: light), (prefers-color-scheme: no-preference)\\"/><link rel=\\"stylesheet\\" type=\\"text/css\\" href=\\"/public/styles/main.css\\"/><link rel=\\"stylesheet\\" type=\\"text/css\\" href=\\"/public/styles/connection.css\\"/><title>Veritable - New Connection</title></head><body hx-ext=\\"json-enc\\"><nav id=\\"side-bar\\"><img src=\\"/public/images/logo-square.svg\\"/><div class=\\"profile-icon\\" style=\\"background-color:#38b6ff;\\">A</div><a title=\\"categories\\" href=\\"/\\" style=\\"--background-image:url('/public/images/category.svg');\\"></a><a title=\\"queries\\" href=\\"/queries\\" style=\\"--background-image:url('/public/images/query.svg');\\"></a><a title=\\"credentials\\" href=\\"/credentials\\" style=\\"--background-image:url('/public/images/credential.svg');\\"></a><a title=\\"connections\\" href=\\"/connection\\" data-active style=\\"--background-image:url('/public/images/connection.svg');\\"></a><a title=\\"settings\\" href=\\"/settings\\" style=\\"--background-image:url('/public/images/setting.svg');\\"></a></nav><main><div id=\\"content-header\\"><h1>New Connection</h1><div id=\\"content-header-nav\\"><a title=\\"home\\" class=\\"nav icon\\" href=\\"/\\"></a><a title=\\"Connections\\" href=\\"/connection\\">Connections</a><a title=\\"Add from Invitation\\" href=\\"/connection/new?fromInvite=true\\">Add from Invitation</a></div></div><div id=\\"content-main\\"><div class=\\"connections header\\"><span>Invite New Connection</span></div><form id=\\"new-connection-form\\" hx-post=\\"/connection/new/receive-invitation\\" hx-swap=\\"outerHTML\\" hx-select=\\"#new-connection-form\\"><div id=\\"new-connection-progress\\" style=\\"--progress-percent: 0.3333333333333333\\"><div id=\\"new-connection-progress-text\\"><span>Step 1</span><span> of 3</span></div><div id=\\"new-connection-progress-bar\\"></div></div><div id=\\"new-connection-invite-input\\" class=\\"accented-container\\"><textarea name=\\"invite\\" placeholder=\\"Invitation Text\\" required hx-get=\\"/connection/new/verify-invite\\" hx-trigger=\\"keyup changed delay:20ms, change, load\\" hx-target=\\"#new-connection-feedback\\" hx-select=\\"#new-connection-feedback\\" hx-swap=\\"outerHTML\\"></textarea></div><div id=\\"new-connection-feedback\\" class=\\"accented-container feedback-positive\\"><div><p><span>Registered Office Address</span><span class=\\"address-line\\">DIGITAL CATAPULT,&nbsp</span><span class=\\"address-line\\">Level 9, 101 Euston Road,&nbsp</span><span class=\\"address-line\\">London,&nbsp</span><span class=\\"address-line\\">NW1 2RA</span></p><p><span>Company Status</span>active</p></div><div><img src=\\"/public/images/check.svg\\" alt=\\"Description of the image\\"/></div></div><div id=\\"new-connection-actions\\"><a class=\\"button \\" href=\\"/connection\\" data-variant=\\"outlined\\"><span>Cancel</span></a><button class=\\"button  \\" data-variant=\\"filled\\" type=\\"submit\\" name=\\"action\\" value=\\"createConnection\\"><span>Submit</span></button></div></form></div></main></body></html>"`;

exports[`FromInviteTemplates show form should render a web page with the a form in an empty state 2`] = `"<!DOCTYPE html><html lang=\\"en\\"><head><script src=\\"/lib/htmx.org/htmx.min.js\\"></script><script src=\\"/lib/htmx-ext-json-enc/json-enc.js\\"></script><script src=\\"/public/scripts/auth-redirect.js\\"></script><link rel=\\"icon\\" type=\\"image/ico\\" href=\\"/public/images/favicon-dark.ico\\" media=\\"(prefers-color-scheme: dark)\\"/><link rel=\\"icon\\" type=\\"image/ico\\" href=\\"/public/images/favicon.ico\\" media=\\"(prefers-color-scheme: light), (prefers-color-scheme: no-preference)\\"/><link rel=\\"stylesheet\\" type=\\"text/css\\" href=\\"/public/styles/main.css\\"/><link rel=\\"stylesheet\\" type=\\"text/css\\" href=\\"/public/styles/connection.css\\"/><title>Veritable - New Connection</title></head><body hx-ext=\\"json-enc\\"><nav id=\\"side-bar\\"><img src=\\"/public/images/logo-square.svg\\"/><div class=\\"profile-icon\\" style=\\"background-color:#38b6ff;\\">A</div><a title=\\"categories\\" href=\\"/\\" style=\\"--background-image:url('/public/images/category.svg');\\"></a><a title=\\"queries\\" href=\\"/queries\\" style=\\"--background-image:url('/public/images/query.svg');\\"></a><a title=\\"credentials\\" href=\\"/credentials\\" style=\\"--background-image:url('/public/images/credential.svg');\\"></a><a title=\\"connections\\" href=\\"/connection\\" data-active style=\\"--background-image:url('/public/images/connection.svg');\\"></a><a title=\\"settings\\" href=\\"/settings\\" style=\\"--background-image:url('/public/images/setting.svg');\\"></a></nav><main><div id=\\"content-header\\"><h1>New Connection</h1><div id=\\"content-header-nav\\"><a title=\\"home\\" class=\\"nav icon\\" href=\\"/\\"></a><a title=\\"Connections\\" href=\\"/connection\\">Connections</a><a title=\\"Add from Invitation\\" href=\\"/connection/new?fromInvite=true\\">Add from Invitation</a></div></div><div id=\\"content-main\\"><div class=\\"connections header\\"><span>Invite New Connection</span></div><form id=\\"new-connection-form\\" hx-post=\\"/connection/new/receive-invitation\\" hx-swap=\\"outerHTML\\" hx-select=\\"#new-connection-form\\"><div id=\\"new-connection-progress\\" style=\\"--progress-percent: 0.3333333333333333\\"><div id=\\"new-connection-progress-text\\"><span>Step 1</span><span> of 3</span></div><div id=\\"new-connection-progress-bar\\"></div></div><div id=\\"new-connection-invite-input\\" class=\\"accented-container\\"><textarea name=\\"invite\\" placeholder=\\"Invitation Text\\" required hx-get=\\"/connection/new/verify-invite\\" hx-trigger=\\"keyup changed delay:20ms, change, load\\" hx-target=\\"#new-connection-feedback\\" hx-select=\\"#new-connection-feedback\\" hx-swap=\\"outerHTML\\"></textarea></div><div id=\\"new-connection-feedback\\" class=\\"accented-container feedback-neutral\\">This is a message</div><div id=\\"new-connection-actions\\"><a class=\\"button \\" href=\\"/connection\\" data-variant=\\"outlined\\"><span>Cancel</span></a><button class=\\"button  \\" data-variant=\\"filled\\" type=\\"submit\\" name=\\"action\\" value=\\"createConnection\\"><span>Submit</span></button></div></form></div></main></body></html>"`;

exports[`FromInviteTemplates show form should render a web page with the a form in an error state 1`] = `"<!DOCTYPE html><html lang=\\"en\\"><head><script src=\\"/lib/htmx.org/htmx.min.js\\"></script><script src=\\"/lib/htmx-ext-json-enc/json-enc.js\\"></script><script src=\\"/public/scripts/auth-redirect.js\\"></script><link rel=\\"icon\\" type=\\"image/ico\\" href=\\"/public/images/favicon-dark.ico\\" media=\\"(prefers-color-scheme: dark)\\"/><link rel=\\"icon\\" type=\\"image/ico\\" href=\\"/public/images/favicon.ico\\" media=\\"(prefers-color-scheme: light), (prefers-color-scheme: no-preference)\\"/><link rel=\\"stylesheet\\" type=\\"text/css\\" href=\\"/public/styles/main.css\\"/><link rel=\\"stylesheet\\" type=\\"text/css\\" href=\\"/public/styles/connection.css\\"/><title>Veritable - New Connection</title></head><body hx-ext=\\"json-enc\\"><nav id=\\"side-bar\\"><img src=\\"/public/images/logo-square.svg\\"/><div class=\\"profile-icon\\" style=\\"background-color:#38b6ff;\\">A</div><a title=\\"categories\\" href=\\"/\\" style=\\"--background-image:url('/public/images/category.svg');\\"></a><a title=\\"queries\\" href=\\"/queries\\" style=\\"--background-image:url('/public/images/query.svg');\\"></a><a title=\\"credentials\\" href=\\"/credentials\\" style=\\"--background-image:url('/public/images/credential.svg');\\"></a><a title=\\"connections\\" href=\\"/connection\\" data-active style=\\"--background-image:url('/public/images/connection.svg');\\"></a><a title=\\"settings\\" href=\\"/settings\\" style=\\"--background-image:url('/public/images/setting.svg');\\"></a></nav><main><div id=\\"content-header\\"><h1>New Connection</h1><div id=\\"content-header-nav\\"><a title=\\"home\\" class=\\"nav icon\\" href=\\"/\\"></a><a title=\\"Connections\\" href=\\"/connection\\">Connections</a><a title=\\"Add from Invitation\\" href=\\"/connection/new?fromInvite=true\\">Add from Invitation</a></div></div><div id=\\"content-main\\"><div class=\\"connections header\\"><span>Invite New Connection</span></div><form id=\\"new-connection-form\\" hx-post=\\"/connection/new/receive-invitation\\" hx-swap=\\"outerHTML\\" hx-select=\\"#new-connection-form\\"><div id=\\"new-connection-progress\\" style=\\"--progress-percent: 0.3333333333333333\\"><div id=\\"new-connection-progress-text\\"><span>Step 1</span><span> of 3</span></div><div id=\\"new-connection-progress-bar\\"></div></div><div id=\\"new-connection-invite-input\\" class=\\"accented-container\\"><textarea name=\\"invite\\" placeholder=\\"Invitation Text\\" required hx-get=\\"/connection/new/verify-invite\\" hx-trigger=\\"keyup changed delay:20ms, change, load\\" hx-target=\\"#new-connection-feedback\\" hx-select=\\"#new-connection-feedback\\" hx-swap=\\"outerHTML\\"></textarea></div><div id=\\"new-connection-feedback\\" class=\\"accented-container feedback-negative\\">This is a test error message</div><div id=\\"new-connection-actions\\"><a class=\\"button \\" href=\\"/connection\\" data-variant=\\"outlined\\"><span>Cancel</span></a><button class=\\"button  \\" data-variant=\\"filled\\" type=\\"submit\\" name=\\"action\\" value=\\"createConnection\\"><span>Submit</span></button></div></form></div></main></body></html>"`;

exports[`FromInviteTemplates show form should render form with a error message and invalid response 1`] = `"<form id=\\"new-connection-form\\" hx-post=\\"/connection/new/receive-invitation\\" hx-swap=\\"outerHTML\\" hx-select=\\"#new-connection-form\\"><div id=\\"new-connection-progress\\" style=\\"--progress-percent: 0.3333333333333333\\"><div id=\\"new-connection-progress-text\\"><span>Step 1</span><span> of 3</span></div><div id=\\"new-connection-progress-bar\\"></div></div><div id=\\"new-connection-invite-input\\" class=\\"accented-container\\"><textarea name=\\"invite\\" placeholder=\\"Invitation Text\\" required hx-get=\\"/connection/new/verify-invite\\" hx-trigger=\\"keyup changed delay:20ms, change, load\\" hx-target=\\"#new-connection-feedback\\" hx-select=\\"#new-connection-feedback\\" hx-swap=\\"outerHTML\\"></textarea></div><div id=\\"new-connection-feedback\\" class=\\"accented-container feedback-neutral\\">This is a message</div><div id=\\"new-connection-actions\\"><a class=\\"button \\" href=\\"/connection\\" data-variant=\\"outlined\\"><span>Cancel</span></a><button class=\\"button  \\" data-variant=\\"filled\\" type=\\"submit\\" name=\\"action\\" value=\\"createConnection\\" text=\\"Submit\\" style=\\"filled\\"><span>Submit</span></button></div></form>"`;
