// Jest Snapshot v1, https://goo.gl/fbAQLP

exports[`NewInviteTemplates show form should a web page with the a form in an empty state 1`] = `"<!DOCTYPE html><html lang=\\"en\\"><head><script src=\\"/lib/htmx.org/htmx.min.js\\"></script><script src=\\"/lib/htmx-ext-json-enc/json-enc.js\\"></script><script src=\\"/public/scripts/auth-redirect.js\\"></script><link rel=\\"icon\\" type=\\"image/ico\\" href=\\"/public/images/favicon-dark.ico\\" media=\\"(prefers-color-scheme: dark)\\"/><link rel=\\"icon\\" type=\\"image/ico\\" href=\\"/public/images/favicon.ico\\" media=\\"(prefers-color-scheme: light), (prefers-color-scheme: no-preference)\\"/><link rel=\\"stylesheet\\" type=\\"text/css\\" href=\\"/public/styles/main.css\\"/><link rel=\\"stylesheet\\" type=\\"text/css\\" href=\\"/public/styles/connection.css\\"/><title>Veritable - New Connection</title></head><body hx-ext=\\"json-enc\\"><nav id=\\"side-bar\\"><a id=\\"veritable-logo\\" href=\\"/about\\"></a><div class=\\"profile-icon\\" style=\\"background-color:#38b6ff;\\">A</div><a title=\\"categories\\" href=\\"/\\" style=\\"--background-image:url('/public/images/category.svg');\\"></a><a title=\\"connections\\" href=\\"/connection\\" data-active style=\\"--background-image:url('/public/images/connection.svg');\\"></a><a title=\\"queries\\" href=\\"/queries\\" style=\\"--background-image:url('/public/images/query.svg');\\"></a><a title=\\"credentials\\" href=\\"/credentials\\" style=\\"--background-image:url('/public/images/credential.svg');\\"></a><a title=\\"settings\\" href=\\"/settings\\" style=\\"--background-image:url('/public/images/setting.svg');\\"></a></nav><main><div id=\\"content-header\\"><h1>New Connection</h1><div id=\\"content-header-nav\\"><a title=\\"home\\" class=\\"nav icon\\" href=\\"/\\"></a><a title=\\"Connections\\" href=\\"/connection\\">Connections</a><a title=\\"Invite New Connection\\" href=\\"/connection/new\\">Invite New Connection</a></div></div><div id=\\"content-main\\"><div class=\\"connections header\\"><span>Invite New Connection</span></div><div class=\\"card-body\\"><form id=\\"new-connection-form\\" hx-post=\\"/connection/new/create-invitation\\" hx-swap=\\"outerHTML\\" hx-select=\\"#new-connection-form\\"><div id=\\"new-connection-progress\\" style=\\"--progress-percent: 0.3333333333333333\\"><div id=\\"new-connection-progress-text\\"><span>Step 1</span><span> of 3</span></div><div id=\\"new-connection-progress-bar\\"></div></div><select id=\\"new-invite-country-select\\" name=\\"registryCountryCode\\" required hx-get=\\"/connection/new\\" hx-trigger=\\"change\\" hx-target=\\"#new-invite-company-number-input\\" hx-select=\\"#new-invite-company-number-input\\" hx-swap=\\"outerHTML\\" hx-include=\\"this\\"><option value=\\"GB\\">United Kingdom</option><option value=\\"US\\">US</option></select><input id=\\"new-invite-company-number-input\\" name=\\"companyNumber\\" placeholder=\\"Company House Number\\" required hx-get=\\"/connection/new/verify-company\\" hx-trigger=\\"keyup changed delay:200ms, change, load\\" hx-target=\\"#new-connection-feedback\\" hx-select=\\"#new-connection-feedback\\" hx-swap=\\"outerHTML\\" hx-include=\\"#new-invite-country-select\\" pattern=\\"^(((AC|CE|CS|FC|FE|GE|GS|IC|LP|NC|NF|NI|NL|NO|NP|OC|OE|PC|R0|RC|SA|SC|SE|SF|SG|SI|SL|SO|SR|SZ|ZC|\\\\d{2})\\\\d{6})|((IP|SP|RS)[A-Z\\\\d]{6})|(SL\\\\d{5}[\\\\dA]))$\\" minlength=\\"6\\" maxlength=\\"10\\" oninput=\\"this.reportValidity()\\" type=\\"text\\"/><input required id=\\"new-invite-email-input\\" placeholder=\\"Connection's Email Address\\" name=\\"email\\" type=\\"email\\"/><div id=\\"new-connection-feedback\\" class=\\"accented-container feedback-neutral\\">This is a message</div><div id=\\"new-connection-actions\\"><a class=\\"button \\" href=\\"/connection\\" data-variant=\\"outlined\\"><span>Cancel</span></a><button class=\\"button  \\" data-variant=\\"filled\\" type=\\"submit\\" name=\\"action\\" value=\\"continue\\" text=\\"Continue\\" style=\\"filled\\"><span>Continue</span></button></div></form></div></div></main></body></html>"`;

exports[`NewInviteTemplates show form should a web page with the a form in an error state 1`] = `"<!DOCTYPE html><html lang=\\"en\\"><head><script src=\\"/lib/htmx.org/htmx.min.js\\"></script><script src=\\"/lib/htmx-ext-json-enc/json-enc.js\\"></script><script src=\\"/public/scripts/auth-redirect.js\\"></script><link rel=\\"icon\\" type=\\"image/ico\\" href=\\"/public/images/favicon-dark.ico\\" media=\\"(prefers-color-scheme: dark)\\"/><link rel=\\"icon\\" type=\\"image/ico\\" href=\\"/public/images/favicon.ico\\" media=\\"(prefers-color-scheme: light), (prefers-color-scheme: no-preference)\\"/><link rel=\\"stylesheet\\" type=\\"text/css\\" href=\\"/public/styles/main.css\\"/><link rel=\\"stylesheet\\" type=\\"text/css\\" href=\\"/public/styles/connection.css\\"/><title>Veritable - New Connection</title></head><body hx-ext=\\"json-enc\\"><nav id=\\"side-bar\\"><a id=\\"veritable-logo\\" href=\\"/about\\"></a><div class=\\"profile-icon\\" style=\\"background-color:#38b6ff;\\">A</div><a title=\\"categories\\" href=\\"/\\" style=\\"--background-image:url('/public/images/category.svg');\\"></a><a title=\\"connections\\" href=\\"/connection\\" data-active style=\\"--background-image:url('/public/images/connection.svg');\\"></a><a title=\\"queries\\" href=\\"/queries\\" style=\\"--background-image:url('/public/images/query.svg');\\"></a><a title=\\"credentials\\" href=\\"/credentials\\" style=\\"--background-image:url('/public/images/credential.svg');\\"></a><a title=\\"settings\\" href=\\"/settings\\" style=\\"--background-image:url('/public/images/setting.svg');\\"></a></nav><main><div id=\\"content-header\\"><h1>New Connection</h1><div id=\\"content-header-nav\\"><a title=\\"home\\" class=\\"nav icon\\" href=\\"/\\"></a><a title=\\"Connections\\" href=\\"/connection\\">Connections</a><a title=\\"Invite New Connection\\" href=\\"/connection/new\\">Invite New Connection</a></div></div><div id=\\"content-main\\"><div class=\\"connections header\\"><span>Invite New Connection</span></div><div class=\\"card-body\\"><form id=\\"new-connection-form\\" hx-post=\\"/connection/new/create-invitation\\" hx-swap=\\"outerHTML\\" hx-select=\\"#new-connection-form\\"><div id=\\"new-connection-progress\\" style=\\"--progress-percent: 0.3333333333333333\\"><div id=\\"new-connection-progress-text\\"><span>Step 1</span><span> of 3</span></div><div id=\\"new-connection-progress-bar\\"></div></div><select id=\\"new-invite-country-select\\" name=\\"registryCountryCode\\" required hx-get=\\"/connection/new\\" hx-trigger=\\"change\\" hx-target=\\"#new-invite-company-number-input\\" hx-select=\\"#new-invite-company-number-input\\" hx-swap=\\"outerHTML\\" hx-include=\\"this\\"><option value=\\"GB\\">United Kingdom</option><option value=\\"US\\">US</option></select><input id=\\"new-invite-company-number-input\\" name=\\"companyNumber\\" placeholder=\\"Company House Number\\" required hx-get=\\"/connection/new/verify-company\\" hx-trigger=\\"keyup changed delay:200ms, change, load\\" hx-target=\\"#new-connection-feedback\\" hx-select=\\"#new-connection-feedback\\" hx-swap=\\"outerHTML\\" hx-include=\\"#new-invite-country-select\\" pattern=\\"^(((AC|CE|CS|FC|FE|GE|GS|IC|LP|NC|NF|NI|NL|NO|NP|OC|OE|PC|R0|RC|SA|SC|SE|SF|SG|SI|SL|SO|SR|SZ|ZC|\\\\d{2})\\\\d{6})|((IP|SP|RS)[A-Z\\\\d]{6})|(SL\\\\d{5}[\\\\dA]))$\\" minlength=\\"6\\" maxlength=\\"10\\" oninput=\\"this.reportValidity()\\" type=\\"text\\"/><input required id=\\"new-invite-email-input\\" placeholder=\\"Connection's Email Address\\" name=\\"email\\" type=\\"email\\"/><div id=\\"new-connection-feedback\\" class=\\"accented-container feedback-negative\\">This is a test error message</div><div id=\\"new-connection-actions\\"><a class=\\"button \\" href=\\"/connection\\" data-variant=\\"outlined\\"><span>Cancel</span></a><button class=\\"button  \\" data-variant=\\"filled\\" type=\\"submit\\" name=\\"action\\" value=\\"continue\\" text=\\"Continue\\" style=\\"filled\\"><span>Continue</span></button></div></form></div></div></main></body></html>"`;

exports[`NewInviteTemplates show form should render a confirmation page with given email and company number 1`] = `"<form id=\\"new-connection-form\\" hx-post=\\"/connection/new/create-invitation\\" hx-swap=\\"outerHTML\\" hx-select=\\"#new-connection-form\\"><div id=\\"new-connection-progress\\" style=\\"--progress-percent: 0.6666666666666666\\"><div id=\\"new-connection-progress-text\\"><span>Step 2</span><span> of 3</span></div><div id=\\"new-connection-progress-bar\\"></div></div><input id=\\"new-invite-company-number-input\\" name=\\"companyNumber\\" value=\\"07964699\\" type=\\"hidden\\"/><input id=\\"new-invite-email-input\\" name=\\"email\\" value=\\"123@123.com\\" type=\\"hidden\\"/><input id=\\"new-invite-country-code-input\\" name=\\"registryCountryCode\\" value=\\"GB\\" type=\\"hidden\\"/><div id=\\"new-connection-confirmation-text\\"><p>Please confirm the details of the connection before sending</p><p> GB</p><p>Company House Number: 07964699</p><p>Email Address: 123@123.com</p><p>After clicking submit, a connection invitation will be sent to their email and postal address.</p></div><div id=\\"new-connection-feedback\\" class=\\"accented-container feedback-positive\\"><div><p><span>Registered Office Address</span><span class=\\"address-line\\">Level 9,&nbsp</span><span class=\\"address-line\\"> 101 Euston Road,&nbsp</span><span class=\\"address-line\\"> London,&nbsp</span><span class=\\"address-line\\"> NW1 2RA</span></p><p><span>Company Status</span>active</p></div><div><img src=\\"/public/images/check.svg\\" alt=\\"Description of the image\\"/></div></div><div id=\\"new-connection-actions\\"><button class=\\"button  \\" data-variant=\\"outlined\\" type=\\"submit\\" name=\\"action\\" value=\\"back\\" text=\\"Back\\" style=\\"outlined\\"><span>Back</span></button><button class=\\"button  \\" data-variant=\\"filled\\" type=\\"submit\\" name=\\"action\\" value=\\"submit\\" text=\\"Submit\\" style=\\"filled\\"><span>Submit</span></button></div></form>"`;

exports[`NewInviteTemplates show form should render a success response page with a single button to return to home 1`] = `"<form id=\\"new-connection-form\\" hx-post=\\"/connection/new/create-invitation\\" hx-swap=\\"outerHTML\\" hx-select=\\"#new-connection-form\\"><div id=\\"new-connection-progress\\" style=\\"--progress-percent: 1\\"><div id=\\"new-connection-progress-text\\"><span>Step 3</span><span> of 3</span></div><div id=\\"new-connection-progress-bar\\"></div></div><div id=\\"new-connection-confirmation-text\\"><p>Your connection invitation has been sent. Please wait for their verification. As the post may take 2-3 days to arrive, please wait for their verification and keep updated by viewing the verification status.</p></div><div id=\\"new-connection-feedback\\" class=\\"accented-container feedback-positive\\"><div><p><span>Registered Office Address</span><span class=\\"address-line\\">Level 9,&nbsp</span><span class=\\"address-line\\"> 101 Euston Road,&nbsp</span><span class=\\"address-line\\"> London,&nbsp</span><span class=\\"address-line\\"> NW1 2RA</span></p><p><span>Company Status</span>active</p></div><div><img src=\\"/public/images/check.svg\\" alt=\\"Description of the image\\"/></div></div><div id=\\"new-connection-actions\\"><a class=\\"button \\" href=\\"/connection\\" data-variant=\\"filled\\"><span>Back To Home</span></a></div></form>"`;

exports[`NewInviteTemplates show form should render form with a error message and invalid response 1`] = `"<form id=\\"new-connection-form\\" hx-post=\\"/connection/new/create-invitation\\" hx-swap=\\"outerHTML\\" hx-select=\\"#new-connection-form\\"><div id=\\"new-connection-progress\\" style=\\"--progress-percent: 0.3333333333333333\\"><div id=\\"new-connection-progress-text\\"><span>Step 1</span><span> of 3</span></div><div id=\\"new-connection-progress-bar\\"></div></div><select id=\\"new-invite-country-select\\" name=\\"registryCountryCode\\" required hx-get=\\"/connection/new\\" hx-trigger=\\"change\\" hx-target=\\"#new-invite-company-number-input\\" hx-select=\\"#new-invite-company-number-input\\" hx-swap=\\"outerHTML\\" hx-include=\\"this\\"><option value=\\"GB\\">United Kingdom</option><option value=\\"US\\">US</option></select><input id=\\"new-invite-company-number-input\\" name=\\"companyNumber\\" placeholder=\\"Company House Number\\" required hx-get=\\"/connection/new/verify-company\\" hx-trigger=\\"keyup changed delay:200ms, change, load\\" hx-target=\\"#new-connection-feedback\\" hx-select=\\"#new-connection-feedback\\" hx-swap=\\"outerHTML\\" hx-include=\\"#new-invite-country-select\\" pattern=\\"^(((AC|CE|CS|FC|FE|GE|GS|IC|LP|NC|NF|NI|NL|NO|NP|OC|OE|PC|R0|RC|SA|SC|SE|SF|SG|SI|SL|SO|SR|SZ|ZC|\\\\d{2})\\\\d{6})|((IP|SP|RS)[A-Z\\\\d]{6})|(SL\\\\d{5}[\\\\dA]))$\\" minlength=\\"6\\" maxlength=\\"10\\" oninput=\\"this.reportValidity()\\" type=\\"text\\"/><input required id=\\"new-invite-email-input\\" placeholder=\\"Connection's Email Address\\" name=\\"email\\" type=\\"email\\"/><div id=\\"new-connection-feedback\\" class=\\"accented-container feedback-neutral\\">This is a message</div><div id=\\"new-connection-actions\\"><a class=\\"button \\" href=\\"/connection\\" data-variant=\\"outlined\\"><span>Cancel</span></a><button class=\\"button  \\" data-variant=\\"filled\\" type=\\"submit\\" name=\\"action\\" value=\\"continue\\" text=\\"Continue\\" style=\\"filled\\"><span>Continue</span></button></div></form>"`;

exports[`NewInviteTemplates show form should render form with a valid response 1`] = `"<form id=\\"new-connection-form\\" hx-post=\\"/connection/new/create-invitation\\" hx-swap=\\"outerHTML\\" hx-select=\\"#new-connection-form\\"><div id=\\"new-connection-progress\\" style=\\"--progress-percent: 0.3333333333333333\\"><div id=\\"new-connection-progress-text\\"><span>Step 1</span><span> of 3</span></div><div id=\\"new-connection-progress-bar\\"></div></div><select id=\\"new-invite-country-select\\" name=\\"registryCountryCode\\" required hx-get=\\"/connection/new\\" hx-trigger=\\"change\\" hx-target=\\"#new-invite-company-number-input\\" hx-select=\\"#new-invite-company-number-input\\" hx-swap=\\"outerHTML\\" hx-include=\\"this\\"><option value=\\"GB\\">United Kingdom</option><option value=\\"US\\">US</option></select><input id=\\"new-invite-company-number-input\\" name=\\"companyNumber\\" placeholder=\\"Company House Number\\" required hx-get=\\"/connection/new/verify-company\\" hx-trigger=\\"keyup changed delay:200ms, change, load\\" hx-target=\\"#new-connection-feedback\\" hx-select=\\"#new-connection-feedback\\" hx-swap=\\"outerHTML\\" hx-include=\\"#new-invite-country-select\\" pattern=\\"^(((AC|CE|CS|FC|FE|GE|GS|IC|LP|NC|NF|NI|NL|NO|NP|OC|OE|PC|R0|RC|SA|SC|SE|SF|SG|SI|SL|SO|SR|SZ|ZC|\\\\d{2})\\\\d{6})|((IP|SP|RS)[A-Z\\\\d]{6})|(SL\\\\d{5}[\\\\dA]))$\\" minlength=\\"6\\" maxlength=\\"10\\" oninput=\\"this.reportValidity()\\" type=\\"text\\"/><input required id=\\"new-invite-email-input\\" placeholder=\\"Connection's Email Address\\" name=\\"email\\" type=\\"email\\"/><div id=\\"new-connection-feedback\\" class=\\"accented-container feedback-positive\\"><div><p><span>Registered Office Address</span><span class=\\"address-line\\">Level 9,&nbsp</span><span class=\\"address-line\\"> 101 Euston Road,&nbsp</span><span class=\\"address-line\\"> London,&nbsp</span><span class=\\"address-line\\"> NW1 2RA</span></p><p><span>Company Status</span>active</p></div><div><img src=\\"/public/images/check.svg\\" alt=\\"Description of the image\\"/></div></div><div id=\\"new-connection-actions\\"><a class=\\"button \\" href=\\"/connection\\" data-variant=\\"outlined\\"><span>Cancel</span></a><button class=\\"button  \\" data-variant=\\"filled\\" type=\\"submit\\" name=\\"action\\" value=\\"continue\\" text=\\"Continue\\" style=\\"filled\\"><span>Continue</span></button></div></form>"`;
