// Jest Snapshot v1, https://goo.gl/fbAQLP

exports[`ConnectionTemplates listPage should escape html in name 1`] = `"<!DOCTYPE html><html lang=\\"en\\"><head><script src=\\"/lib/htmx.org/htmx.min.js\\"></script><script src=\\"/lib/htmx-ext-json-enc/json-enc.js\\"></script><script src=\\"/public/scripts/auth-redirect.js\\"></script><link rel=\\"icon\\" type=\\"image/ico\\" href=\\"/public/images/favicon-dark.ico\\" media=\\"(prefers-color-scheme: dark)\\"/><link rel=\\"icon\\" type=\\"image/ico\\" href=\\"/public/images/favicon.ico\\" media=\\"(prefers-color-scheme: light), (prefers-color-scheme: no-preference)\\"/><link rel=\\"stylesheet\\" type=\\"text/css\\" href=\\"/public/styles/main.css\\"/><title>Veritable - Connections</title></head><body hx-ext=\\"json-enc\\"><nav id=\\"side-bar\\"><a id=\\"veritable-logo\\" href=\\"/about\\"></a><div class=\\"profile-icon\\" style=\\"background-color:#38b6ff;\\">A</div><a title=\\"categories\\" href=\\"/\\" style=\\"--background-image:url('/public/images/category.svg');\\"></a><a title=\\"connections\\" href=\\"/connection\\" data-active style=\\"--background-image:url('/public/images/connection.svg');\\"></a><a title=\\"queries\\" href=\\"/queries\\" style=\\"--background-image:url('/public/images/query.svg');\\"></a><a title=\\"credentials\\" href=\\"/credentials\\" style=\\"--background-image:url('/public/images/credential.svg');\\"></a><a title=\\"settings\\" href=\\"/settings\\" style=\\"--background-image:url('/public/images/setting.svg');\\"></a></nav><main><div id=\\"content-header\\"><h1>Connections</h1><div id=\\"content-header-nav\\"><a title=\\"home\\" class=\\"nav icon\\" href=\\"/\\"></a><a title=\\"Connection Management\\" href=\\"#\\">Connection Management</a></div></div><div id=\\"content-main\\" hx-get=\\"/connection\\" hx-trigger=\\"every 10s\\" hx-select=\\"#search-results\\" hx-target=\\"#search-results\\" hx-swap=\\"outerHTML\\" hx-include=\\"#connection-search-input\\"><div class=\\"list-page-header\\"><span>Connection Management</span><a class=\\"button \\" href=\\"connection/new\\" data-variant=\\"filled\\"><div style=\\"--button-icon:url(&#34;/public/images/plus.svg&#34;);\\"></div><span>Invite New Connection</span></a><a class=\\"button \\" href=\\"connection/new?fromInvite=true\\" data-variant=\\"filled\\"><div style=\\"--button-icon:url(&#34;/public/images/plus.svg&#34;);\\"></div><span>Add from Invitation</span></a></div><div class=\\"list-page\\"><div class=\\"list-nav\\"><span>Connections</span><input id=\\"connection-search-input\\" class=\\"search-window\\" type=\\"search\\" name=\\"search\\" value=\\"\\" placeholder=\\"Search by Company Name\\" hx-get=\\"/connection\\" hx-trigger=\\"input changed delay:500ms, search\\" hx-target=\\"#search-results\\" hx-select=\\"#search-results\\" hx-swap=\\"outerHTML\\"/></div><table class=\\"list-page\\"><thead><th><span>Company Name</span><a class=\\"list-filter-icon disabled\\"></a></th><th><span>Status</span><a class=\\"list-filter-icon disabled\\"></a></th><th><span>Actions</span><a class=\\"list-filter-icon disabled\\"></a></th></thead><tbody id=\\"search-results\\"><tr><td>&lt;div>I own you&lt;/div></td><td><div class=\\"list-item-status\\" data-status=\\"success\\">Connected</div></td><td><a class=\\"button \\" href=\\"/queries/new?connectionId=someId\\" data-variant=\\"outlined\\"><div style=\\"--button-icon:url(&#34;/public/images/arrow-right-circle.svg&#34;);\\"></div><span>Send Query</span></a></td></tr></tbody></table></div></div></main></body></html>"`;

exports[`ConnectionTemplates listPage should render multiple with each status 1`] = `"<!DOCTYPE html><html lang=\\"en\\"><head><script src=\\"/lib/htmx.org/htmx.min.js\\"></script><script src=\\"/lib/htmx-ext-json-enc/json-enc.js\\"></script><script src=\\"/public/scripts/auth-redirect.js\\"></script><link rel=\\"icon\\" type=\\"image/ico\\" href=\\"/public/images/favicon-dark.ico\\" media=\\"(prefers-color-scheme: dark)\\"/><link rel=\\"icon\\" type=\\"image/ico\\" href=\\"/public/images/favicon.ico\\" media=\\"(prefers-color-scheme: light), (prefers-color-scheme: no-preference)\\"/><link rel=\\"stylesheet\\" type=\\"text/css\\" href=\\"/public/styles/main.css\\"/><title>Veritable - Connections</title></head><body hx-ext=\\"json-enc\\"><nav id=\\"side-bar\\"><a id=\\"veritable-logo\\" href=\\"/about\\"></a><div class=\\"profile-icon\\" style=\\"background-color:#38b6ff;\\">A</div><a title=\\"categories\\" href=\\"/\\" style=\\"--background-image:url('/public/images/category.svg');\\"></a><a title=\\"connections\\" href=\\"/connection\\" data-active style=\\"--background-image:url('/public/images/connection.svg');\\"></a><a title=\\"queries\\" href=\\"/queries\\" style=\\"--background-image:url('/public/images/query.svg');\\"></a><a title=\\"credentials\\" href=\\"/credentials\\" style=\\"--background-image:url('/public/images/credential.svg');\\"></a><a title=\\"settings\\" href=\\"/settings\\" style=\\"--background-image:url('/public/images/setting.svg');\\"></a></nav><main><div id=\\"content-header\\"><h1>Connections</h1><div id=\\"content-header-nav\\"><a title=\\"home\\" class=\\"nav icon\\" href=\\"/\\"></a><a title=\\"Connection Management\\" href=\\"#\\">Connection Management</a></div></div><div id=\\"content-main\\" hx-get=\\"/connection\\" hx-trigger=\\"every 10s\\" hx-select=\\"#search-results\\" hx-target=\\"#search-results\\" hx-swap=\\"outerHTML\\" hx-include=\\"#connection-search-input\\"><div class=\\"list-page-header\\"><span>Connection Management</span><a class=\\"button \\" href=\\"connection/new\\" data-variant=\\"filled\\"><div style=\\"--button-icon:url(&#34;/public/images/plus.svg&#34;);\\"></div><span>Invite New Connection</span></a><a class=\\"button \\" href=\\"connection/new?fromInvite=true\\" data-variant=\\"filled\\"><div style=\\"--button-icon:url(&#34;/public/images/plus.svg&#34;);\\"></div><span>Add from Invitation</span></a></div><div class=\\"list-page\\"><div class=\\"list-nav\\"><span>Connections</span><input id=\\"connection-search-input\\" class=\\"search-window\\" type=\\"search\\" name=\\"search\\" value=\\"\\" placeholder=\\"Search by Company Name\\" hx-get=\\"/connection\\" hx-trigger=\\"input changed delay:500ms, search\\" hx-target=\\"#search-results\\" hx-select=\\"#search-results\\" hx-swap=\\"outerHTML\\"/></div><table class=\\"list-page\\"><thead><th><span>Company Name</span><a class=\\"list-filter-icon disabled\\"></a></th><th><span>Status</span><a class=\\"list-filter-icon disabled\\"></a></th><th><span>Actions</span><a class=\\"list-filter-icon disabled\\"></a></th></thead><tbody id=\\"search-results\\"><tr><td>Company A</td><td><div class=\\"list-item-status\\" data-status=\\"disabled\\">Disconnected</div></td><td><a class=\\"button disabled\\" href=\\"#\\" data-variant=\\"outlined\\"><div style=\\"--button-icon:url(&#34;/public/images/arrow-right-circle.svg&#34;);\\"></div><span>Disconnected</span></a></td></tr><tr><td>Company B</td><td><div class=\\"list-item-status\\" data-status=\\"disabled\\">Invite Sent</div></td><td><a class=\\"button disabled\\" href=\\"#\\" data-variant=\\"outlined\\"><div style=\\"--button-icon:url(&#34;/public/images/arrow-right-circle.svg&#34;);\\"></div><span>Waiting for Response</span></a></td></tr><tr><td>Company C</td><td><div class=\\"list-item-status\\" data-status=\\"warning\\">Verification Code Required</div></td><td><a class=\\"button \\" href=\\"/connection/someId/pin-submission\\" data-variant=\\"outlined\\"><div style=\\"--button-icon:url(&#34;/public/images/arrow-right-circle.svg&#34;);\\"></div><span>Complete Verification</span></a></td></tr><tr><td>Company D</td><td><div class=\\"list-item-status\\" data-status=\\"success\\">Connected</div></td><td><a class=\\"button \\" href=\\"/queries/new?connectionId=someId\\" data-variant=\\"outlined\\"><div style=\\"--button-icon:url(&#34;/public/images/arrow-right-circle.svg&#34;);\\"></div><span>Send Query</span></a></td></tr><tr><td>Company E</td><td><div class=\\"list-item-status\\" data-status=\\"warning\\">Verification Code Required</div></td><td><a class=\\"button \\" href=\\"/connection/someId/pin-submission\\" data-variant=\\"outlined\\"><div style=\\"--button-icon:url(&#34;/public/images/arrow-right-circle.svg&#34;);\\"></div><span>Complete Verification</span></a></td></tr><tr><td>Company F</td><td><div class=\\"list-item-status\\" data-status=\\"disabled\\">Waiting for Response</div></td><td><a class=\\"button disabled\\" href=\\"#\\" data-variant=\\"outlined\\"><div style=\\"--button-icon:url(&#34;/public/images/arrow-right-circle.svg&#34;);\\"></div><span>Waiting for Response</span></a></td></tr></tbody></table></div></div></main></body></html>"`;

exports[`ConnectionTemplates listPage should render with no connections 1`] = `"<!DOCTYPE html><html lang=\\"en\\"><head><script src=\\"/lib/htmx.org/htmx.min.js\\"></script><script src=\\"/lib/htmx-ext-json-enc/json-enc.js\\"></script><script src=\\"/public/scripts/auth-redirect.js\\"></script><link rel=\\"icon\\" type=\\"image/ico\\" href=\\"/public/images/favicon-dark.ico\\" media=\\"(prefers-color-scheme: dark)\\"/><link rel=\\"icon\\" type=\\"image/ico\\" href=\\"/public/images/favicon.ico\\" media=\\"(prefers-color-scheme: light), (prefers-color-scheme: no-preference)\\"/><link rel=\\"stylesheet\\" type=\\"text/css\\" href=\\"/public/styles/main.css\\"/><title>Veritable - Connections</title></head><body hx-ext=\\"json-enc\\"><nav id=\\"side-bar\\"><a id=\\"veritable-logo\\" href=\\"/about\\"></a><div class=\\"profile-icon\\" style=\\"background-color:#38b6ff;\\">A</div><a title=\\"categories\\" href=\\"/\\" style=\\"--background-image:url('/public/images/category.svg');\\"></a><a title=\\"connections\\" href=\\"/connection\\" data-active style=\\"--background-image:url('/public/images/connection.svg');\\"></a><a title=\\"queries\\" href=\\"/queries\\" style=\\"--background-image:url('/public/images/query.svg');\\"></a><a title=\\"credentials\\" href=\\"/credentials\\" style=\\"--background-image:url('/public/images/credential.svg');\\"></a><a title=\\"settings\\" href=\\"/settings\\" style=\\"--background-image:url('/public/images/setting.svg');\\"></a></nav><main><div id=\\"content-header\\"><h1>Connections</h1><div id=\\"content-header-nav\\"><a title=\\"home\\" class=\\"nav icon\\" href=\\"/\\"></a><a title=\\"Connection Management\\" href=\\"#\\">Connection Management</a></div></div><div id=\\"content-main\\" hx-get=\\"/connection\\" hx-trigger=\\"every 10s\\" hx-select=\\"#search-results\\" hx-target=\\"#search-results\\" hx-swap=\\"outerHTML\\" hx-include=\\"#connection-search-input\\"><div class=\\"list-page-header\\"><span>Connection Management</span><a class=\\"button \\" href=\\"connection/new\\" data-variant=\\"filled\\"><div style=\\"--button-icon:url(&#34;/public/images/plus.svg&#34;);\\"></div><span>Invite New Connection</span></a><a class=\\"button \\" href=\\"connection/new?fromInvite=true\\" data-variant=\\"filled\\"><div style=\\"--button-icon:url(&#34;/public/images/plus.svg&#34;);\\"></div><span>Add from Invitation</span></a></div><div class=\\"list-page\\"><div class=\\"list-nav\\"><span>Connections</span><input id=\\"connection-search-input\\" class=\\"search-window\\" type=\\"search\\" name=\\"search\\" value=\\"\\" placeholder=\\"Search by Company Name\\" hx-get=\\"/connection\\" hx-trigger=\\"input changed delay:500ms, search\\" hx-target=\\"#search-results\\" hx-select=\\"#search-results\\" hx-swap=\\"outerHTML\\"/></div><table class=\\"list-page\\"><thead><th><span>Company Name</span><a class=\\"list-filter-icon disabled\\"></a></th><th><span>Status</span><a class=\\"list-filter-icon disabled\\"></a></th><th><span>Actions</span><a class=\\"list-filter-icon disabled\\"></a></th></thead><tbody id=\\"search-results\\"><tr><td>No Connections for that search query. Try again or add a new connection</td></tr></tbody></table></div></div></main></body></html>"`;

exports[`ConnectionTemplates listPage should render with single connection 1`] = `"<!DOCTYPE html><html lang=\\"en\\"><head><script src=\\"/lib/htmx.org/htmx.min.js\\"></script><script src=\\"/lib/htmx-ext-json-enc/json-enc.js\\"></script><script src=\\"/public/scripts/auth-redirect.js\\"></script><link rel=\\"icon\\" type=\\"image/ico\\" href=\\"/public/images/favicon-dark.ico\\" media=\\"(prefers-color-scheme: dark)\\"/><link rel=\\"icon\\" type=\\"image/ico\\" href=\\"/public/images/favicon.ico\\" media=\\"(prefers-color-scheme: light), (prefers-color-scheme: no-preference)\\"/><link rel=\\"stylesheet\\" type=\\"text/css\\" href=\\"/public/styles/main.css\\"/><title>Veritable - Connections</title></head><body hx-ext=\\"json-enc\\"><nav id=\\"side-bar\\"><a id=\\"veritable-logo\\" href=\\"/about\\"></a><div class=\\"profile-icon\\" style=\\"background-color:#38b6ff;\\">A</div><a title=\\"categories\\" href=\\"/\\" style=\\"--background-image:url('/public/images/category.svg');\\"></a><a title=\\"connections\\" href=\\"/connection\\" data-active style=\\"--background-image:url('/public/images/connection.svg');\\"></a><a title=\\"queries\\" href=\\"/queries\\" style=\\"--background-image:url('/public/images/query.svg');\\"></a><a title=\\"credentials\\" href=\\"/credentials\\" style=\\"--background-image:url('/public/images/credential.svg');\\"></a><a title=\\"settings\\" href=\\"/settings\\" style=\\"--background-image:url('/public/images/setting.svg');\\"></a></nav><main><div id=\\"content-header\\"><h1>Connections</h1><div id=\\"content-header-nav\\"><a title=\\"home\\" class=\\"nav icon\\" href=\\"/\\"></a><a title=\\"Connection Management\\" href=\\"#\\">Connection Management</a></div></div><div id=\\"content-main\\" hx-get=\\"/connection\\" hx-trigger=\\"every 10s\\" hx-select=\\"#search-results\\" hx-target=\\"#search-results\\" hx-swap=\\"outerHTML\\" hx-include=\\"#connection-search-input\\"><div class=\\"list-page-header\\"><span>Connection Management</span><a class=\\"button \\" href=\\"connection/new\\" data-variant=\\"filled\\"><div style=\\"--button-icon:url(&#34;/public/images/plus.svg&#34;);\\"></div><span>Invite New Connection</span></a><a class=\\"button \\" href=\\"connection/new?fromInvite=true\\" data-variant=\\"filled\\"><div style=\\"--button-icon:url(&#34;/public/images/plus.svg&#34;);\\"></div><span>Add from Invitation</span></a></div><div class=\\"list-page\\"><div class=\\"list-nav\\"><span>Connections</span><input id=\\"connection-search-input\\" class=\\"search-window\\" type=\\"search\\" name=\\"search\\" value=\\"\\" placeholder=\\"Search by Company Name\\" hx-get=\\"/connection\\" hx-trigger=\\"input changed delay:500ms, search\\" hx-target=\\"#search-results\\" hx-select=\\"#search-results\\" hx-swap=\\"outerHTML\\"/></div><table class=\\"list-page\\"><thead><th><span>Company Name</span><a class=\\"list-filter-icon disabled\\"></a></th><th><span>Status</span><a class=\\"list-filter-icon disabled\\"></a></th><th><span>Actions</span><a class=\\"list-filter-icon disabled\\"></a></th></thead><tbody id=\\"search-results\\"><tr><td>Company A</td><td><div class=\\"list-item-status\\" data-status=\\"disabled\\">Disconnected</div></td><td><a class=\\"button disabled\\" href=\\"#\\" data-variant=\\"outlined\\"><div style=\\"--button-icon:url(&#34;/public/images/arrow-right-circle.svg&#34;);\\"></div><span>Disconnected</span></a></td></tr></tbody></table></div></div></main></body></html>"`;
