// Jest Snapshot v1, https://goo.gl/fbAQLP

exports[`Partial Query renders partial query table with connections that are verified 1`] = `"<!DOCTYPE html><html lang=\\"en\\"><head><script src=\\"/lib/htmx.org/htmx.min.js\\"></script><script src=\\"/lib/htmx-ext-json-enc/json-enc.js\\"></script><script src=\\"/public/scripts/auth-redirect.js\\"></script><link rel=\\"icon\\" type=\\"image/ico\\" href=\\"/public/images/favicon-dark.ico\\" media=\\"(prefers-color-scheme: dark)\\"/><link rel=\\"icon\\" type=\\"image/ico\\" href=\\"/public/images/favicon.ico\\" media=\\"(prefers-color-scheme: light), (prefers-color-scheme: no-preference)\\"/><link rel=\\"stylesheet\\" type=\\"text/css\\" href=\\"/public/styles/main.css\\"/><link rel=\\"stylesheet\\" type=\\"text/css\\" href=\\"/public/styles/shared.css\\"/><link rel=\\"stylesheet\\" type=\\"text/css\\" href=\\"/public/styles/mpa.css\\"/><title>Veritable - Select Company</title></head><body hx-ext=\\"json-enc\\"><nav id=\\"side-bar\\"><img src=\\"/public/images/logo-square.svg\\"/><a title=\\"categories\\" href=\\"/\\" style=\\"--background-image:url('/public/images/category.svg');\\"></a><a title=\\"queries\\" href=\\"/queries\\" data-active style=\\"--background-image:url('/public/images/query.svg');\\"></a><a title=\\"certification\\" href=\\"#\\" class=\\"disabled\\" style=\\"--background-image:url('/public/images/certification.svg');\\"></a><a title=\\"connections\\" href=\\"/connection\\" style=\\"--background-image:url('/public/images/connection.svg');\\"></a><a title=\\"settings\\" href=\\"#\\" class=\\"disabled\\" style=\\"--background-image:url('/public/images/setting.svg');\\"></a></nav><main><div id=\\"content-header\\"><h1>Select Company To Send Your Query To</h1><div id=\\"content-header-nav\\"><a title=\\"home\\" class=\\"nav icon\\" href=\\"/\\"></a><a title=\\"Query Management\\" href=\\"/queries\\">Query Management</a><a title=\\"Query Request product-id-test\\" href=\\"/queries/scope-3-carbon-consumption/query-id-test/response\\">Query Request product-id-test</a></div></div><div id=\\"content-main\\"><div class=\\"connections header\\"></div><div class=\\"card-body\\"><div class=\\"container-scope3-carbon\\"><div class=\\"scope3-co2-left\\"><h1 id=\\"scope3-co2-heading\\">Scope 3 Carbon Consumption</h1><p style=\\"padding-right:50px;\\" class=\\"query-text-carbon3-consumption\\">Provide the total scope 3 carbon consumption for the specified products / component.</p><p class=\\"query-text-carbon3-consumption\\">If you do not have all the required information, please forward this query to your suppliers, to aggregate their responses before submitting the final total. </p></div><div class=\\"scope3-co2-right\\"><p class=\\"query-text-carbon3-consumption\\">What are the total Scope 3 carbon emissions for the product/component below?</p><div hx-swap-oob=\\"true\\" hx-swap=\\"ignoreTitle:true\\" id=\\"partial-query\\"><form id=\\"scope-3-carbon-consumption\\" hx-post=\\"/queries/scope-3-carbon-consumption/query-id-test/response\\" hx-select=\\"main > *\\" hx-target=\\"main\\" hx-swap=\\"innerHTML\\"><p>Product ID: product-id-test<br/>Quantity: 2</p><input type=\\"hidden\\" name=\\"companyId\\" value=\\"11\\"/><div class=\\"input-container\\"><label for=\\"co2-emissions-input\\" class=\\"input-label\\">Total Scope 3 carbon emissions</label><input id=\\"co2-emissions-input\\" name=\\"totalScope3CarbonEmissions\\" placeholder=\\"Value in kg CO2e (to be aggregated)\\" class=\\"input-with-label disabled\\" type=\\"text\\" disabled/></div><div class=\\"input-container\\"><input hx-trigger=\\"changed, click\\" hx-target=\\"#partial-query\\" hx-get=\\"/queries/query-id-test/partial/11\\" id=\\"partial-response-input\\" name=\\"partialQuery\\" type=\\"checkbox\\" checked/><label for=\\"partial-response-input\\">Partial response</label></div><p style=\\"font-style:italic;font-size:14px;;\\">*If partial response checkbox is ticked, you must share this query with another supplier in your network, where your responses will be aggregated.</p><div class=\\"query-partial-container list-page\\"><table><thead><th>Select</th><th>Company Name</th><th>Product ID</th><th>Quantity</th></thead><tbody hx-swap-oob=\\"true\\"><tr id=\\"tr-someId\\" hx-swap-oob=\\"true\\"><input name=\\"someId[]\\" type=\\"hidden\\" value=\\"someId\\" disabled/><td><input name=\\"partialSelect\\" type=\\"checkbox\\" hx-trigger=\\"click\\" hx-get=\\"/queries/partial-select/someId\\" hx-target=\\"#tr-someId\\"/></td><td>&lt;div>I own you&lt;/div></td><td><input name=\\"someId[]\\" placeholder=\\"Product ID\\" class=\\"input-basic disabled\\" type=\\"text\\" disabled/></td><td><input name=\\"someId[]\\" placeholder=\\"Quantity\\" class=\\"input-basic disabled\\" type=\\"number\\" disabled/></td></tr></tbody></table></div><br/><button class=\\"button  \\" data-variant=\\"filled\\" type=\\"submit\\" name=\\"action\\" value=\\"success\\"><span>Submit Query</span></button></form></div></div></div></div></div></main></body></html>"`;
