// Jest Snapshot v1, https://goo.gl/fbAQLP

exports[`Scope3CarbonConsumptionTemplates newScope3CarbonConsumptionFormPage companySelect with companies 1`] = `"<!DOCTYPE html><html lang=\\"en\\"><head><script src=\\"/lib/htmx.org/htmx.min.js\\"></script><script src=\\"/lib/htmx-ext-json-enc/json-enc.js\\"></script><script src=\\"/public/scripts/auth-redirect.js\\"></script><link rel=\\"icon\\" type=\\"image/ico\\" href=\\"/public/images/favicon-dark.ico\\" media=\\"(prefers-color-scheme: dark)\\"/><link rel=\\"icon\\" type=\\"image/ico\\" href=\\"/public/images/favicon.ico\\" media=\\"(prefers-color-scheme: light), (prefers-color-scheme: no-preference)\\"/><link rel=\\"stylesheet\\" type=\\"text/css\\" href=\\"/public/styles/main.css\\"/><link rel=\\"stylesheet\\" type=\\"text/css\\" href=\\"/public/styles/shared.css\\"/><link rel=\\"stylesheet\\" type=\\"text/css\\" href=\\"/public/styles/mpa.css\\"/><title>Veritable - New Scope 3 Carbon Consumption Query</title></head><body hx-ext=\\"json-enc\\"><nav id=\\"side-bar\\"><img src=\\"/public/images/logo-square.svg\\"/><a title=\\"categories\\" href=\\"/\\" style=\\"--background-image:url('/public/images/category.svg');\\"></a><a title=\\"queries\\" href=\\"/queries\\" data-active style=\\"--background-image:url('/public/images/query.svg');\\"></a><a title=\\"certification\\" href=\\"#\\" class=\\"disabled\\" style=\\"--background-image:url('/public/images/certification.svg');\\"></a><a title=\\"connections\\" href=\\"/connection\\" style=\\"--background-image:url('/public/images/connection.svg');\\"></a><a title=\\"settings\\" href=\\"#\\" class=\\"disabled\\" style=\\"--background-image:url('/public/images/setting.svg');\\"></a></nav><main><div id=\\"content-header\\"><h1>Select Company To Send Your Query To</h1><div id=\\"content-header-nav\\"><a title=\\"home\\" class=\\"nav icon\\" href=\\"/\\"></a><a title=\\"Query Management\\" href=\\"/queries\\">Query Management</a><a title=\\"New\\" href=\\"/queries/new\\">New</a><a title=\\"Scope 3 Carbon Consumption\\" href=\\"/queries/new/scope-3-carbon-consumption\\">Scope 3 Carbon Consumption</a></div></div><div id=\\"content-main\\"><div class=\\"connections header\\"></div><div class=\\"card-body\\"><div><div class=\\"main-list-page\\" hx-post=\\"/queries/new/scope-3-carbon-consumption\\" hx-trigger=\\"input changed delay:500ms\\" hx-select=\\"#search-results\\" hx-target=\\"#search-results\\" hx-swap=\\"outerHTML\\" hx-include=\\"#queries-search-input\\"><div class=\\"list-page \\"><div class=\\"list-nav\\"><span>Select a Company to send Query to </span><input id=\\"queries-search-input\\" class=\\"search-window\\" type=\\"search\\" name=\\"search\\" value=\\"search-text\\" placeholder=\\"Search\\" hx-get=\\"/queries/new/scope-3-carbon-consumption\\" hx-trigger=\\"input changed delay:50ms, search\\" hx-target=\\"#search-results\\" hx-select=\\"#search-results\\" hx-swap=\\"outerHTML\\"/></div><form id=\\"company-form\\" hx-post=\\"/queries/new/scope-3-carbon-consumption/stage\\" hx-trigger=\\"submit\\" hx-include=\\".company-checkbox:checked\\" hx-select=\\"main > *\\" hx-target=\\"main\\" hx-swap=\\"innerHTML\\"><input type=\\"hidden\\" name=\\"action\\" value=\\"form\\"/><table class=\\"list-page\\"><thead><th><span>Check Company</span><a class=\\"list-table icon disabled\\"></a></th><th><span>Company Name</span><a class=\\"list-table icon disabled\\"></a></th></thead><tbody id=\\"search-results\\"><tr><td><input type=\\"checkbox\\" class=\\"company-checkbox\\" name=\\"connectionId\\" value=\\"1\\" disabled/></td><td>company1</td></tr><tr><td><input type=\\"checkbox\\" class=\\"company-checkbox\\" name=\\"connectionId\\" value=\\"2\\" disabled/></td><td>company2</td></tr></tbody></table><button type=\\"submit\\" class=\\"button\\" id=\\"company-selected-next-button\\">Next</button></form></div></div></div></div></div></main></body></html>"`;

exports[`Scope3CarbonConsumptionTemplates newScope3CarbonConsumptionFormPage companySelect with no companies 1`] = `"<!DOCTYPE html><html lang=\\"en\\"><head><script src=\\"/lib/htmx.org/htmx.min.js\\"></script><script src=\\"/lib/htmx-ext-json-enc/json-enc.js\\"></script><script src=\\"/public/scripts/auth-redirect.js\\"></script><link rel=\\"icon\\" type=\\"image/ico\\" href=\\"/public/images/favicon-dark.ico\\" media=\\"(prefers-color-scheme: dark)\\"/><link rel=\\"icon\\" type=\\"image/ico\\" href=\\"/public/images/favicon.ico\\" media=\\"(prefers-color-scheme: light), (prefers-color-scheme: no-preference)\\"/><link rel=\\"stylesheet\\" type=\\"text/css\\" href=\\"/public/styles/main.css\\"/><link rel=\\"stylesheet\\" type=\\"text/css\\" href=\\"/public/styles/shared.css\\"/><link rel=\\"stylesheet\\" type=\\"text/css\\" href=\\"/public/styles/mpa.css\\"/><title>Veritable - New Scope 3 Carbon Consumption Query</title></head><body hx-ext=\\"json-enc\\"><nav id=\\"side-bar\\"><img src=\\"/public/images/logo-square.svg\\"/><a title=\\"categories\\" href=\\"/\\" style=\\"--background-image:url('/public/images/category.svg');\\"></a><a title=\\"queries\\" href=\\"/queries\\" data-active style=\\"--background-image:url('/public/images/query.svg');\\"></a><a title=\\"certification\\" href=\\"#\\" class=\\"disabled\\" style=\\"--background-image:url('/public/images/certification.svg');\\"></a><a title=\\"connections\\" href=\\"/connection\\" style=\\"--background-image:url('/public/images/connection.svg');\\"></a><a title=\\"settings\\" href=\\"#\\" class=\\"disabled\\" style=\\"--background-image:url('/public/images/setting.svg');\\"></a></nav><main><div id=\\"content-header\\"><h1>Select Company To Send Your Query To</h1><div id=\\"content-header-nav\\"><a title=\\"home\\" class=\\"nav icon\\" href=\\"/\\"></a><a title=\\"Query Management\\" href=\\"/queries\\">Query Management</a><a title=\\"New\\" href=\\"/queries/new\\">New</a><a title=\\"Scope 3 Carbon Consumption\\" href=\\"/queries/new/scope-3-carbon-consumption\\">Scope 3 Carbon Consumption</a></div></div><div id=\\"content-main\\"><div class=\\"connections header\\"></div><div class=\\"card-body\\"><div><div class=\\"main-list-page\\" hx-post=\\"/queries/new/scope-3-carbon-consumption\\" hx-trigger=\\"input changed delay:500ms\\" hx-select=\\"#search-results\\" hx-target=\\"#search-results\\" hx-swap=\\"outerHTML\\" hx-include=\\"#queries-search-input\\"><div class=\\"list-page \\"><div class=\\"list-nav\\"><span>Select a Company to send Query to </span><input id=\\"queries-search-input\\" class=\\"search-window\\" type=\\"search\\" name=\\"search\\" value=\\"search-text\\" placeholder=\\"Search\\" hx-get=\\"/queries/new/scope-3-carbon-consumption\\" hx-trigger=\\"input changed delay:50ms, search\\" hx-target=\\"#search-results\\" hx-select=\\"#search-results\\" hx-swap=\\"outerHTML\\"/></div><form id=\\"company-form\\" hx-post=\\"/queries/new/scope-3-carbon-consumption/stage\\" hx-trigger=\\"submit\\" hx-include=\\".company-checkbox:checked\\" hx-select=\\"main > *\\" hx-target=\\"main\\" hx-swap=\\"innerHTML\\"><input type=\\"hidden\\" name=\\"action\\" value=\\"form\\"/><table class=\\"list-page\\"><thead><th><span>Check Company</span><a class=\\"list-table icon disabled\\"></a></th><th><span>Company Name</span><a class=\\"list-table icon disabled\\"></a></th></thead><tbody id=\\"search-results\\"><tr><td>No connections for that search. Please establish a connection and try again.</td></tr></tbody></table><button type=\\"submit\\" class=\\"button\\" id=\\"company-selected-next-button\\">Next</button></form></div></div></div></div></div></main></body></html>"`;

exports[`Scope3CarbonConsumptionTemplates newScope3CarbonConsumptionFormPage error 1`] = `"<!DOCTYPE html><html lang=\\"en\\"><head><script src=\\"/lib/htmx.org/htmx.min.js\\"></script><script src=\\"/lib/htmx-ext-json-enc/json-enc.js\\"></script><script src=\\"/public/scripts/auth-redirect.js\\"></script><link rel=\\"icon\\" type=\\"image/ico\\" href=\\"/public/images/favicon-dark.ico\\" media=\\"(prefers-color-scheme: dark)\\"/><link rel=\\"icon\\" type=\\"image/ico\\" href=\\"/public/images/favicon.ico\\" media=\\"(prefers-color-scheme: light), (prefers-color-scheme: no-preference)\\"/><link rel=\\"stylesheet\\" type=\\"text/css\\" href=\\"/public/styles/main.css\\"/><link rel=\\"stylesheet\\" type=\\"text/css\\" href=\\"/public/styles/shared.css\\"/><link rel=\\"stylesheet\\" type=\\"text/css\\" href=\\"/public/styles/mpa.css\\"/><title>Veritable - New Scope 3 Carbon Consumption Query</title></head><body hx-ext=\\"json-enc\\"><nav id=\\"side-bar\\"><img src=\\"/public/images/logo-square.svg\\"/><a title=\\"categories\\" href=\\"/\\" style=\\"--background-image:url('/public/images/category.svg');\\"></a><a title=\\"queries\\" href=\\"/queries\\" data-active style=\\"--background-image:url('/public/images/query.svg');\\"></a><a title=\\"certification\\" href=\\"#\\" class=\\"disabled\\" style=\\"--background-image:url('/public/images/certification.svg');\\"></a><a title=\\"connections\\" href=\\"/connection\\" style=\\"--background-image:url('/public/images/connection.svg');\\"></a><a title=\\"settings\\" href=\\"#\\" class=\\"disabled\\" style=\\"--background-image:url('/public/images/setting.svg');\\"></a></nav><main><div id=\\"content-header\\"><h1>Select Company To Send Your Query To</h1><div id=\\"content-header-nav\\"><a title=\\"home\\" class=\\"nav icon\\" href=\\"/\\"></a><a title=\\"Query Management\\" href=\\"/queries\\">Query Management</a><a title=\\"New\\" href=\\"/queries/new\\">New</a><a title=\\"Scope 3 Carbon Consumption\\" href=\\"/queries/new/scope-3-carbon-consumption\\">Scope 3 Carbon Consumption</a></div></div><div id=\\"content-main\\"><div class=\\"connections header\\"></div><div class=\\"card-body\\"><div id=\\"new-query-confirmation-text\\"><p>An unknown error occurred whilst submitting your query to: company1.</p><p>Please try again later.</p><a class=\\"button \\" href=\\"/queries\\" data-variant=\\"filled\\"><span>Back to Queries</span></a></div></div></div></main></body></html>"`;

exports[`Scope3CarbonConsumptionTemplates newScope3CarbonConsumptionFormPage form with product and quantity inputs 1`] = `"<!DOCTYPE html><html lang=\\"en\\"><head><script src=\\"/lib/htmx.org/htmx.min.js\\"></script><script src=\\"/lib/htmx-ext-json-enc/json-enc.js\\"></script><script src=\\"/public/scripts/auth-redirect.js\\"></script><link rel=\\"icon\\" type=\\"image/ico\\" href=\\"/public/images/favicon-dark.ico\\" media=\\"(prefers-color-scheme: dark)\\"/><link rel=\\"icon\\" type=\\"image/ico\\" href=\\"/public/images/favicon.ico\\" media=\\"(prefers-color-scheme: light), (prefers-color-scheme: no-preference)\\"/><link rel=\\"stylesheet\\" type=\\"text/css\\" href=\\"/public/styles/main.css\\"/><link rel=\\"stylesheet\\" type=\\"text/css\\" href=\\"/public/styles/shared.css\\"/><link rel=\\"stylesheet\\" type=\\"text/css\\" href=\\"/public/styles/mpa.css\\"/><title>Veritable - New Scope 3 Carbon Consumption Query</title></head><body hx-ext=\\"json-enc\\"><nav id=\\"side-bar\\"><img src=\\"/public/images/logo-square.svg\\"/><a title=\\"categories\\" href=\\"/\\" style=\\"--background-image:url('/public/images/category.svg');\\"></a><a title=\\"queries\\" href=\\"/queries\\" data-active style=\\"--background-image:url('/public/images/query.svg');\\"></a><a title=\\"certification\\" href=\\"#\\" class=\\"disabled\\" style=\\"--background-image:url('/public/images/certification.svg');\\"></a><a title=\\"connections\\" href=\\"/connection\\" style=\\"--background-image:url('/public/images/connection.svg');\\"></a><a title=\\"settings\\" href=\\"#\\" class=\\"disabled\\" style=\\"--background-image:url('/public/images/setting.svg');\\"></a></nav><main><div id=\\"content-header\\"><h1>Select Company To Send Your Query To</h1><div id=\\"content-header-nav\\"><a title=\\"home\\" class=\\"nav icon\\" href=\\"/\\"></a><a title=\\"Query Management\\" href=\\"/queries\\">Query Management</a><a title=\\"New\\" href=\\"/queries/new\\">New</a><a title=\\"Scope 3 Carbon Consumption\\" href=\\"/queries/new/scope-3-carbon-consumption\\">Scope 3 Carbon Consumption</a></div></div><div id=\\"content-main\\"><div class=\\"connections header\\"></div><div class=\\"card-body\\"><div><div class=\\"container-scope3-carbon\\"><div class=\\"box1\\"><h1>Scope 3 Carbon Consumption</h1><p class=\\"query-text-carbon3-consumption\\">Creates a query for calculating the total scope 3 carbon consumption for a given product or component.</p></div><div class=\\"box2\\"><p>Choose the product that you want to apply the query “What is your scope 1, 2, 3 carbon consumption?” to.</p><form id=\\"scope-3-carbon-consumption\\" hx-post=\\"/queries/new/scope-3-carbon-consumption/stage\\" hx-select=\\"main > *\\" hx-target=\\"main\\" hx-swap=\\"innerHTML\\"><input type=\\"hidden\\" name=\\"connectionId\\" value=\\"connection-id\\"/><div class=\\"input-container\\"><label for=\\"productId-input\\" class=\\"input-label\\">Product ID</label><input id=\\"productId-input\\" name=\\"productId\\" placeholder=\\"BX20001\\" class=\\"query-input-field\\" type=\\"text\\" required value=\\"product-id\\"/><p class=\\"additional-input-label\\">Product ID</p></div><div class=\\"input-container\\"><label for=\\"productQuantity-input\\" class=\\"input-label\\">Quantity</label><input id=\\"productQuantity-input\\" name=\\"quantity\\" type=\\"text\\" placeholder=\\"123\\" pattern=\\"^\\\\d+$\\" required value=\\"123\\" class=\\"query-input-field\\"/><p class=\\"additional-input-label\\">Quantity of product</p></div><button class=\\"button  \\" data-variant=\\"filled\\" type=\\"submit\\" name=\\"action\\" value=\\"success\\"><span>Submit Query</span></button></form></div></div></div></div></div></main></body></html>"`;

exports[`Scope3CarbonConsumptionTemplates newScope3CarbonConsumptionFormPage form without product and quantity inputs 1`] = `"<!DOCTYPE html><html lang=\\"en\\"><head><script src=\\"/lib/htmx.org/htmx.min.js\\"></script><script src=\\"/lib/htmx-ext-json-enc/json-enc.js\\"></script><script src=\\"/public/scripts/auth-redirect.js\\"></script><link rel=\\"icon\\" type=\\"image/ico\\" href=\\"/public/images/favicon-dark.ico\\" media=\\"(prefers-color-scheme: dark)\\"/><link rel=\\"icon\\" type=\\"image/ico\\" href=\\"/public/images/favicon.ico\\" media=\\"(prefers-color-scheme: light), (prefers-color-scheme: no-preference)\\"/><link rel=\\"stylesheet\\" type=\\"text/css\\" href=\\"/public/styles/main.css\\"/><link rel=\\"stylesheet\\" type=\\"text/css\\" href=\\"/public/styles/shared.css\\"/><link rel=\\"stylesheet\\" type=\\"text/css\\" href=\\"/public/styles/mpa.css\\"/><title>Veritable - New Scope 3 Carbon Consumption Query</title></head><body hx-ext=\\"json-enc\\"><nav id=\\"side-bar\\"><img src=\\"/public/images/logo-square.svg\\"/><a title=\\"categories\\" href=\\"/\\" style=\\"--background-image:url('/public/images/category.svg');\\"></a><a title=\\"queries\\" href=\\"/queries\\" data-active style=\\"--background-image:url('/public/images/query.svg');\\"></a><a title=\\"certification\\" href=\\"#\\" class=\\"disabled\\" style=\\"--background-image:url('/public/images/certification.svg');\\"></a><a title=\\"connections\\" href=\\"/connection\\" style=\\"--background-image:url('/public/images/connection.svg');\\"></a><a title=\\"settings\\" href=\\"#\\" class=\\"disabled\\" style=\\"--background-image:url('/public/images/setting.svg');\\"></a></nav><main><div id=\\"content-header\\"><h1>Select Company To Send Your Query To</h1><div id=\\"content-header-nav\\"><a title=\\"home\\" class=\\"nav icon\\" href=\\"/\\"></a><a title=\\"Query Management\\" href=\\"/queries\\">Query Management</a><a title=\\"New\\" href=\\"/queries/new\\">New</a><a title=\\"Scope 3 Carbon Consumption\\" href=\\"/queries/new/scope-3-carbon-consumption\\">Scope 3 Carbon Consumption</a></div></div><div id=\\"content-main\\"><div class=\\"connections header\\"></div><div class=\\"card-body\\"><div><div class=\\"container-scope3-carbon\\"><div class=\\"box1\\"><h1>Scope 3 Carbon Consumption</h1><p class=\\"query-text-carbon3-consumption\\">Creates a query for calculating the total scope 3 carbon consumption for a given product or component.</p></div><div class=\\"box2\\"><p>Choose the product that you want to apply the query “What is your scope 1, 2, 3 carbon consumption?” to.</p><form id=\\"scope-3-carbon-consumption\\" hx-post=\\"/queries/new/scope-3-carbon-consumption/stage\\" hx-select=\\"main > *\\" hx-target=\\"main\\" hx-swap=\\"innerHTML\\"><input type=\\"hidden\\" name=\\"connectionId\\" value=\\"connection-id\\"/><div class=\\"input-container\\"><label for=\\"productId-input\\" class=\\"input-label\\">Product ID</label><input id=\\"productId-input\\" name=\\"productId\\" placeholder=\\"BX20001\\" class=\\"query-input-field\\" type=\\"text\\" required/><p class=\\"additional-input-label\\">Product ID</p></div><div class=\\"input-container\\"><label for=\\"productQuantity-input\\" class=\\"input-label\\">Quantity</label><input id=\\"productQuantity-input\\" name=\\"quantity\\" type=\\"text\\" placeholder=\\"123\\" pattern=\\"^\\\\d+$\\" required class=\\"query-input-field\\"/><p class=\\"additional-input-label\\">Quantity of product</p></div><button class=\\"button  \\" data-variant=\\"filled\\" type=\\"submit\\" name=\\"action\\" value=\\"success\\"><span>Submit Query</span></button></form></div></div></div></div></div></main></body></html>"`;

exports[`Scope3CarbonConsumptionTemplates newScope3CarbonConsumptionFormPage success 1`] = `"<!DOCTYPE html><html lang=\\"en\\"><head><script src=\\"/lib/htmx.org/htmx.min.js\\"></script><script src=\\"/lib/htmx-ext-json-enc/json-enc.js\\"></script><script src=\\"/public/scripts/auth-redirect.js\\"></script><link rel=\\"icon\\" type=\\"image/ico\\" href=\\"/public/images/favicon-dark.ico\\" media=\\"(prefers-color-scheme: dark)\\"/><link rel=\\"icon\\" type=\\"image/ico\\" href=\\"/public/images/favicon.ico\\" media=\\"(prefers-color-scheme: light), (prefers-color-scheme: no-preference)\\"/><link rel=\\"stylesheet\\" type=\\"text/css\\" href=\\"/public/styles/main.css\\"/><link rel=\\"stylesheet\\" type=\\"text/css\\" href=\\"/public/styles/shared.css\\"/><link rel=\\"stylesheet\\" type=\\"text/css\\" href=\\"/public/styles/mpa.css\\"/><title>Veritable - New Scope 3 Carbon Consumption Query</title></head><body hx-ext=\\"json-enc\\"><nav id=\\"side-bar\\"><img src=\\"/public/images/logo-square.svg\\"/><a title=\\"categories\\" href=\\"/\\" style=\\"--background-image:url('/public/images/category.svg');\\"></a><a title=\\"queries\\" href=\\"/queries\\" data-active style=\\"--background-image:url('/public/images/query.svg');\\"></a><a title=\\"certification\\" href=\\"#\\" class=\\"disabled\\" style=\\"--background-image:url('/public/images/certification.svg');\\"></a><a title=\\"connections\\" href=\\"/connection\\" style=\\"--background-image:url('/public/images/connection.svg');\\"></a><a title=\\"settings\\" href=\\"#\\" class=\\"disabled\\" style=\\"--background-image:url('/public/images/setting.svg');\\"></a></nav><main><div id=\\"content-header\\"><h1>Select Company To Send Your Query To</h1><div id=\\"content-header-nav\\"><a title=\\"home\\" class=\\"nav icon\\" href=\\"/\\"></a><a title=\\"Query Management\\" href=\\"/queries\\">Query Management</a><a title=\\"New\\" href=\\"/queries/new\\">New</a><a title=\\"Scope 3 Carbon Consumption\\" href=\\"/queries/new/scope-3-carbon-consumption\\">Scope 3 Carbon Consumption</a></div></div><div id=\\"content-main\\"><div class=\\"connections header\\"></div><div class=\\"card-body\\"><div id=\\"new-query-confirmation-text\\"><p>Your query request has been shared with the following supplier: company1.</p><p>Please await for responses and check for updates in the query management page.</p><a class=\\"button \\" href=\\"/queries\\" data-variant=\\"filled\\"><span>Back to Queries</span></a></div></div></div></main></body></html>"`;
