// Jest Snapshot v1, https://goo.gl/fbAQLP

exports[`QueryRequestTemplates newQueryRequestPage bav form 1`] = `"<!DOCTYPE html><html lang=\\"en\\"><head><script src=\\"/lib/htmx.org/htmx.min.js\\"></script><script src=\\"/lib/htmx-ext-json-enc/json-enc.js\\"></script><script src=\\"/public/scripts/auth-redirect.js\\"></script><link rel=\\"icon\\" type=\\"image/ico\\" href=\\"/public/images/favicon-dark.ico\\" media=\\"(prefers-color-scheme: dark)\\"/><link rel=\\"icon\\" type=\\"image/ico\\" href=\\"/public/images/favicon.ico\\" media=\\"(prefers-color-scheme: light), (prefers-color-scheme: no-preference)\\"/><link rel=\\"stylesheet\\" type=\\"text/css\\" href=\\"/public/styles/main.css\\"/><title>Veritable - New Beneficiary Account Validation Query</title></head><body hx-ext=\\"json-enc\\"><nav id=\\"side-bar\\"><a id=\\"veritable-logo\\" href=\\"/about\\"></a><div class=\\"profile-icon\\" style=\\"background-color:#38b6ff;\\">A</div><a title=\\"categories\\" href=\\"/\\" style=\\"--background-image:url('/public/images/category.svg');\\"></a><a title=\\"connections\\" href=\\"/connection\\" style=\\"--background-image:url('/public/images/connection.svg');\\"></a><a title=\\"queries\\" href=\\"/queries\\" data-active style=\\"--background-image:url('/public/images/query.svg');\\"></a><a title=\\"credentials\\" href=\\"/credentials\\" style=\\"--background-image:url('/public/images/credential.svg');\\"></a><a title=\\"settings\\" href=\\"/settings\\" style=\\"--background-image:url('/public/images/setting.svg');\\"></a></nav><main><div id=\\"content-header\\"><h1>Beneficiary Account Validation Query</h1><div id=\\"content-header-nav\\"><a title=\\"home\\" class=\\"nav icon\\" href=\\"/\\"></a><a title=\\"Query Management\\" href=\\"/queries\\">Query Management</a><a title=\\"New\\" href=\\"/queries/new?type=beneficiary_account_validation\\">New</a><a title=\\"Beneficiary Account Validation\\" href=\\"/queries/new?type=beneficiary_account_validation\\">Beneficiary Account Validation</a></div></div><div id=\\"content-main\\"><div class=\\"connections header\\"></div><div class=\\"card-body\\"><div class=\\"container-query-form\\"><div class=\\"query-form-left\\"><h1>Beneficiary Account Validation</h1><p class=\\"query-form-text\\">Creates a query to verify a company's financial details.</p></div><div class=\\"query-form-right\\"><p>Request financial details from company-name</p><form id=\\"bav\\" hx-post=\\"/queries/bav\\" hx-select=\\"main > *\\" hx-target=\\"main\\" hx-swap=\\"innerHTML\\"><input type=\\"hidden\\" name=\\"connectionId\\" value=\\"connection-id\\"/><div class=\\"input-container\\"><label for=\\"datetime-input\\" class=\\"input-label\\">Request Deadline</label><input id=\\"datetime-input\\" class=\\"input-with-label\\" type=\\"datetime-local\\" name=\\"expiresAt\\" required min=\\"2025-08-06T12:00\\"/></div><button class=\\"button  \\" data-variant=\\"filled\\" type=\\"submit\\" text=\\"Submit Query\\" style=\\"filled\\"><span>Submit Query</span></button></form></div></div></div></div></main></body></html>"`;

exports[`QueryRequestTemplates newQueryRequestPage carbon embodiment form with product and quantity inputs 1`] = `"<!DOCTYPE html><html lang=\\"en\\"><head><script src=\\"/lib/htmx.org/htmx.min.js\\"></script><script src=\\"/lib/htmx-ext-json-enc/json-enc.js\\"></script><script src=\\"/public/scripts/auth-redirect.js\\"></script><link rel=\\"icon\\" type=\\"image/ico\\" href=\\"/public/images/favicon-dark.ico\\" media=\\"(prefers-color-scheme: dark)\\"/><link rel=\\"icon\\" type=\\"image/ico\\" href=\\"/public/images/favicon.ico\\" media=\\"(prefers-color-scheme: light), (prefers-color-scheme: no-preference)\\"/><link rel=\\"stylesheet\\" type=\\"text/css\\" href=\\"/public/styles/main.css\\"/><title>Veritable - New Total Carbon Embodiment Query</title></head><body hx-ext=\\"json-enc\\"><nav id=\\"side-bar\\"><a id=\\"veritable-logo\\" href=\\"/about\\"></a><div class=\\"profile-icon\\" style=\\"background-color:#38b6ff;\\">A</div><a title=\\"categories\\" href=\\"/\\" style=\\"--background-image:url('/public/images/category.svg');\\"></a><a title=\\"connections\\" href=\\"/connection\\" style=\\"--background-image:url('/public/images/connection.svg');\\"></a><a title=\\"queries\\" href=\\"/queries\\" data-active style=\\"--background-image:url('/public/images/query.svg');\\"></a><a title=\\"credentials\\" href=\\"/credentials\\" style=\\"--background-image:url('/public/images/credential.svg');\\"></a><a title=\\"settings\\" href=\\"/settings\\" style=\\"--background-image:url('/public/images/setting.svg');\\"></a></nav><main><div id=\\"content-header\\"><h1>Select Company To Send Your Query To</h1><div id=\\"content-header-nav\\"><a title=\\"home\\" class=\\"nav icon\\" href=\\"/\\"></a><a title=\\"Query Management\\" href=\\"/queries\\">Query Management</a><a title=\\"New\\" href=\\"/queries/new\\">New</a><a title=\\"Total Carbon Embodiment\\" href=\\"/queries/new/carbon-embodiment\\">Total Carbon Embodiment</a></div></div><div id=\\"content-main\\"><div class=\\"connections header\\"></div><div class=\\"card-body\\"><div><div class=\\"container-query-form\\"><div class=\\"query-form-left\\"><h1>Total Carbon Embodiment</h1><p class=\\"query-form-text\\">Creates a query for obtaining the total carbon embodiment for a given product/component.</p></div><div class=\\"query-form-right\\"><p>Choose the product that you want to apply the query “What is the total carbon embodiment for the product/component below?” to.</p><form id=\\"carbon-embodiment\\" hx-post=\\"/queries/new/carbon-embodiment\\" hx-select=\\"main > *\\" hx-target=\\"main\\" hx-swap=\\"innerHTML\\"><input type=\\"hidden\\" name=\\"connectionId\\" value=\\"connection-id\\"/><div class=\\"input-container\\"><label for=\\"productId-input\\" class=\\"input-label\\">Product ID</label><input id=\\"productId-input\\" name=\\"productId\\" placeholder=\\"BX20001\\" class=\\"input-with-label\\" type=\\"text\\" required value=\\"product-id\\"/><p class=\\"additional-input-label\\">Product ID</p></div><div class=\\"input-container\\"><label for=\\"productQuantity-input\\" class=\\"input-label\\">Quantity</label><input id=\\"productQuantity-input\\" name=\\"quantity\\" type=\\"text\\" placeholder=\\"123\\" pattern=\\"^\\\\d+$\\" required value=\\"123\\" class=\\"input-with-label\\"/><p class=\\"additional-input-label\\">Quantity of product</p></div><button class=\\"button  \\" data-variant=\\"filled\\" type=\\"submit\\" text=\\"Submit Query\\" style=\\"filled\\"><span>Submit Query</span></button></form></div></div></div></div></div></main></body></html>"`;

exports[`QueryRequestTemplates newQueryRequestPage carbon embodiment form without product and quantity inputs 1`] = `"<!DOCTYPE html><html lang=\\"en\\"><head><script src=\\"/lib/htmx.org/htmx.min.js\\"></script><script src=\\"/lib/htmx-ext-json-enc/json-enc.js\\"></script><script src=\\"/public/scripts/auth-redirect.js\\"></script><link rel=\\"icon\\" type=\\"image/ico\\" href=\\"/public/images/favicon-dark.ico\\" media=\\"(prefers-color-scheme: dark)\\"/><link rel=\\"icon\\" type=\\"image/ico\\" href=\\"/public/images/favicon.ico\\" media=\\"(prefers-color-scheme: light), (prefers-color-scheme: no-preference)\\"/><link rel=\\"stylesheet\\" type=\\"text/css\\" href=\\"/public/styles/main.css\\"/><title>Veritable - New Total Carbon Embodiment Query</title></head><body hx-ext=\\"json-enc\\"><nav id=\\"side-bar\\"><a id=\\"veritable-logo\\" href=\\"/about\\"></a><div class=\\"profile-icon\\" style=\\"background-color:#38b6ff;\\">A</div><a title=\\"categories\\" href=\\"/\\" style=\\"--background-image:url('/public/images/category.svg');\\"></a><a title=\\"connections\\" href=\\"/connection\\" style=\\"--background-image:url('/public/images/connection.svg');\\"></a><a title=\\"queries\\" href=\\"/queries\\" data-active style=\\"--background-image:url('/public/images/query.svg');\\"></a><a title=\\"credentials\\" href=\\"/credentials\\" style=\\"--background-image:url('/public/images/credential.svg');\\"></a><a title=\\"settings\\" href=\\"/settings\\" style=\\"--background-image:url('/public/images/setting.svg');\\"></a></nav><main><div id=\\"content-header\\"><h1>Total Carbon Embodiment Query</h1><div id=\\"content-header-nav\\"><a title=\\"home\\" class=\\"nav icon\\" href=\\"/\\"></a><a title=\\"Query Management\\" href=\\"/queries\\">Query Management</a><a title=\\"New\\" href=\\"/queries/new?type=total_carbon_embodiment\\">New</a><a title=\\"Total Carbon Embodiment\\" href=\\"/queries/new?type=total_carbon_embodiment\\">Total Carbon Embodiment</a></div></div><div id=\\"content-main\\"><div class=\\"connections header\\"></div><div class=\\"card-body\\"><div><div class=\\"container-query-form\\"><div class=\\"query-form-left\\"><h1>Total Carbon Embodiment</h1><p class=\\"query-form-text\\">Creates a query for obtaining the total carbon embodiment for a given product/component.</p></div><div class=\\"query-form-right\\"><p>Choose the product that you want to apply the query “What is the total carbon embodiment for the product/component below?” to.</p><form id=\\"carbon-embodiment\\" hx-post=\\"/queries/carbon-embodiment\\" hx-select=\\"main > *\\" hx-target=\\"main\\" hx-swap=\\"innerHTML\\"><input type=\\"hidden\\" name=\\"connectionId\\" value=\\"connection-id\\"/><div class=\\"input-container\\"><label for=\\"productId-input\\" class=\\"input-label\\">Product ID</label><input id=\\"productId-input\\" name=\\"productId\\" placeholder=\\"BX20001\\" class=\\"input-with-label\\" type=\\"text\\" required/><p class=\\"additional-input-label\\">Product ID</p></div><div class=\\"input-container\\"><label for=\\"productQuantity-input\\" class=\\"input-label\\">Quantity</label><input id=\\"productQuantity-input\\" name=\\"quantity\\" type=\\"text\\" placeholder=\\"123\\" pattern=\\"^\\\\d+$\\" required class=\\"input-with-label\\"/><p class=\\"additional-input-label\\">Quantity of product</p></div><div class=\\"input-container\\"><label for=\\"datetime-input\\" class=\\"input-label\\">Request Deadline</label><input id=\\"datetime-input\\" class=\\"input-with-label\\" type=\\"datetime-local\\" name=\\"expiresAt\\" required min=\\"2025-08-06T12:00\\"/></div><button class=\\"button  \\" data-variant=\\"filled\\" type=\\"submit\\" text=\\"Submit Query\\" style=\\"filled\\"><span>Submit Query</span></button></form></div></div></div></div></div></main></body></html>"`;

exports[`QueryRequestTemplates newQueryRequestPage companySelect with companies 1`] = `"<!DOCTYPE html><html lang=\\"en\\"><head><script src=\\"/lib/htmx.org/htmx.min.js\\"></script><script src=\\"/lib/htmx-ext-json-enc/json-enc.js\\"></script><script src=\\"/public/scripts/auth-redirect.js\\"></script><link rel=\\"icon\\" type=\\"image/ico\\" href=\\"/public/images/favicon-dark.ico\\" media=\\"(prefers-color-scheme: dark)\\"/><link rel=\\"icon\\" type=\\"image/ico\\" href=\\"/public/images/favicon.ico\\" media=\\"(prefers-color-scheme: light), (prefers-color-scheme: no-preference)\\"/><link rel=\\"stylesheet\\" type=\\"text/css\\" href=\\"/public/styles/main.css\\"/><title>Veritable - New Total Carbon Embodiment Query</title></head><body hx-ext=\\"json-enc\\"><nav id=\\"side-bar\\"><a id=\\"veritable-logo\\" href=\\"/about\\"></a><div class=\\"profile-icon\\" style=\\"background-color:#38b6ff;\\">A</div><a title=\\"categories\\" href=\\"/\\" style=\\"--background-image:url('/public/images/category.svg');\\"></a><a title=\\"connections\\" href=\\"/connection\\" style=\\"--background-image:url('/public/images/connection.svg');\\"></a><a title=\\"queries\\" href=\\"/queries\\" data-active style=\\"--background-image:url('/public/images/query.svg');\\"></a><a title=\\"credentials\\" href=\\"/credentials\\" style=\\"--background-image:url('/public/images/credential.svg');\\"></a><a title=\\"settings\\" href=\\"/settings\\" style=\\"--background-image:url('/public/images/setting.svg');\\"></a></nav><main><div id=\\"content-header\\"><h1>Total Carbon Embodiment Query</h1><div id=\\"content-header-nav\\"><a title=\\"home\\" class=\\"nav icon\\" href=\\"/\\"></a><a title=\\"Query Management\\" href=\\"/queries\\">Query Management</a><a title=\\"New\\" href=\\"/queries/new?type=total_carbon_embodiment\\">New</a><a title=\\"Total Carbon Embodiment\\" href=\\"/queries/new?type=total_carbon_embodiment\\">Total Carbon Embodiment</a></div></div><div id=\\"content-main\\"><div class=\\"connections header\\"></div><div class=\\"card-body\\"><div><div class=\\"main-list-page\\"><div class=\\"list-page \\"><div class=\\"list-nav\\"><span>Select a Company to send Query to</span><input id=\\"queries-search-input\\" class=\\"search-window\\" type=\\"search\\" name=\\"search\\" value=\\"search-text\\" placeholder=\\"Search\\" hx-get=\\"/queries/new?type=total_carbon_embodiment\\" hx-trigger=\\"input changed delay:50ms, search\\" hx-target=\\"#search-results\\" hx-select=\\"#search-results\\" hx-swap=\\"outerHTML\\"/></div><form id=\\"company-form\\" hx-get=\\"/queries/new?type=total_carbon_embodiment\\" hx-select=\\"main > *\\" hx-target=\\"main\\" hx-swap=\\"innerHTML\\" hx-push-url=\\"true\\"><table class=\\"list-page\\"><thead><th width=\\"4%\\"><span>Select</span><a class=\\"list-table icon disabled\\"></a></th><th width=\\"96%\\"><span>Company Name</span><a class=\\"list-table icon disabled\\"></a></th></thead><tbody id=\\"search-results\\"><tr><td><input type=\\"checkbox\\" class=\\"company-checkbox\\" name=\\"connectionId\\" value=\\"1\\" disabled aria-label=\\"select connection id\\"/></td><td>company1</td></tr><tr><td><input type=\\"checkbox\\" class=\\"company-checkbox\\" name=\\"connectionId\\" value=\\"2\\" disabled aria-label=\\"select connection id\\"/></td><td>company2</td></tr></tbody></table><button type=\\"submit\\" class=\\"button\\" id=\\"company-selected-next-button\\">Next</button></form></div></div></div></div></div></main></body></html>"`;

exports[`QueryRequestTemplates newQueryRequestPage companySelect with no companies 1`] = `"<!DOCTYPE html><html lang=\\"en\\"><head><script src=\\"/lib/htmx.org/htmx.min.js\\"></script><script src=\\"/lib/htmx-ext-json-enc/json-enc.js\\"></script><script src=\\"/public/scripts/auth-redirect.js\\"></script><link rel=\\"icon\\" type=\\"image/ico\\" href=\\"/public/images/favicon-dark.ico\\" media=\\"(prefers-color-scheme: dark)\\"/><link rel=\\"icon\\" type=\\"image/ico\\" href=\\"/public/images/favicon.ico\\" media=\\"(prefers-color-scheme: light), (prefers-color-scheme: no-preference)\\"/><link rel=\\"stylesheet\\" type=\\"text/css\\" href=\\"/public/styles/main.css\\"/><title>Veritable - New Total Carbon Embodiment Query</title></head><body hx-ext=\\"json-enc\\"><nav id=\\"side-bar\\"><a id=\\"veritable-logo\\" href=\\"/about\\"></a><div class=\\"profile-icon\\" style=\\"background-color:#38b6ff;\\">A</div><a title=\\"categories\\" href=\\"/\\" style=\\"--background-image:url('/public/images/category.svg');\\"></a><a title=\\"connections\\" href=\\"/connection\\" style=\\"--background-image:url('/public/images/connection.svg');\\"></a><a title=\\"queries\\" href=\\"/queries\\" data-active style=\\"--background-image:url('/public/images/query.svg');\\"></a><a title=\\"credentials\\" href=\\"/credentials\\" style=\\"--background-image:url('/public/images/credential.svg');\\"></a><a title=\\"settings\\" href=\\"/settings\\" style=\\"--background-image:url('/public/images/setting.svg');\\"></a></nav><main><div id=\\"content-header\\"><h1>Total Carbon Embodiment Query</h1><div id=\\"content-header-nav\\"><a title=\\"home\\" class=\\"nav icon\\" href=\\"/\\"></a><a title=\\"Query Management\\" href=\\"/queries\\">Query Management</a><a title=\\"New\\" href=\\"/queries/new?type=total_carbon_embodiment\\">New</a><a title=\\"Total Carbon Embodiment\\" href=\\"/queries/new?type=total_carbon_embodiment\\">Total Carbon Embodiment</a></div></div><div id=\\"content-main\\"><div class=\\"connections header\\"></div><div class=\\"card-body\\"><div><div class=\\"main-list-page\\"><div class=\\"list-page \\"><div class=\\"list-nav\\"><span>Select a Company to send Query to</span><input id=\\"queries-search-input\\" class=\\"search-window\\" type=\\"search\\" name=\\"search\\" value=\\"search-text\\" placeholder=\\"Search\\" hx-get=\\"/queries/new?type=total_carbon_embodiment\\" hx-trigger=\\"input changed delay:50ms, search\\" hx-target=\\"#search-results\\" hx-select=\\"#search-results\\" hx-swap=\\"outerHTML\\"/></div><form id=\\"company-form\\" hx-get=\\"/queries/new?type=total_carbon_embodiment\\" hx-select=\\"main > *\\" hx-target=\\"main\\" hx-swap=\\"innerHTML\\" hx-push-url=\\"true\\"><table class=\\"list-page\\"><thead><th width=\\"4%\\"><span>Select</span><a class=\\"list-table icon disabled\\"></a></th><th width=\\"96%\\"><span>Company Name</span><a class=\\"list-table icon disabled\\"></a></th></thead><tbody id=\\"search-results\\"><tr><td>No connections for that search. Please establish a connection and try again.</td></tr></tbody></table><button type=\\"submit\\" class=\\"button\\" id=\\"company-selected-next-button\\">Next</button></form></div></div></div></div></div></main></body></html>"`;

exports[`QueryRequestTemplates newQueryRequestPage error 1`] = `"<!DOCTYPE html><html lang=\\"en\\"><head><script src=\\"/lib/htmx.org/htmx.min.js\\"></script><script src=\\"/lib/htmx-ext-json-enc/json-enc.js\\"></script><script src=\\"/public/scripts/auth-redirect.js\\"></script><link rel=\\"icon\\" type=\\"image/ico\\" href=\\"/public/images/favicon-dark.ico\\" media=\\"(prefers-color-scheme: dark)\\"/><link rel=\\"icon\\" type=\\"image/ico\\" href=\\"/public/images/favicon.ico\\" media=\\"(prefers-color-scheme: light), (prefers-color-scheme: no-preference)\\"/><link rel=\\"stylesheet\\" type=\\"text/css\\" href=\\"/public/styles/main.css\\"/><title>Veritable - New Total Carbon Embodiment Query</title></head><body hx-ext=\\"json-enc\\"><nav id=\\"side-bar\\"><a id=\\"veritable-logo\\" href=\\"/about\\"></a><div class=\\"profile-icon\\" style=\\"background-color:#38b6ff;\\">A</div><a title=\\"categories\\" href=\\"/\\" style=\\"--background-image:url('/public/images/category.svg');\\"></a><a title=\\"connections\\" href=\\"/connection\\" style=\\"--background-image:url('/public/images/connection.svg');\\"></a><a title=\\"queries\\" href=\\"/queries\\" data-active style=\\"--background-image:url('/public/images/query.svg');\\"></a><a title=\\"credentials\\" href=\\"/credentials\\" style=\\"--background-image:url('/public/images/credential.svg');\\"></a><a title=\\"settings\\" href=\\"/settings\\" style=\\"--background-image:url('/public/images/setting.svg');\\"></a></nav><main><div id=\\"content-header\\"><h1>Total Carbon Embodiment Query</h1><div id=\\"content-header-nav\\"><a title=\\"home\\" class=\\"nav icon\\" href=\\"/\\"></a><a title=\\"Query Management\\" href=\\"/queries\\">Query Management</a><a title=\\"New\\" href=\\"/queries/new?type=total_carbon_embodiment\\">New</a><a title=\\"Total Carbon Embodiment\\" href=\\"/queries/new?type=total_carbon_embodiment\\">Total Carbon Embodiment</a></div></div><div id=\\"content-main\\"><div class=\\"connections header\\"></div><div class=\\"card-body\\"><div id=\\"new-query-confirmation-text\\"><p>An unknown error occurred whilst submitting your query to: company1.</p><p>Please try again later.</p><a class=\\"button \\" href=\\"/queries\\" data-variant=\\"filled\\"><span>Back to Queries</span></a></div></div></div></main></body></html>"`;

exports[`QueryRequestTemplates newQueryRequestPage success 1`] = `"<!DOCTYPE html><html lang=\\"en\\"><head><script src=\\"/lib/htmx.org/htmx.min.js\\"></script><script src=\\"/lib/htmx-ext-json-enc/json-enc.js\\"></script><script src=\\"/public/scripts/auth-redirect.js\\"></script><link rel=\\"icon\\" type=\\"image/ico\\" href=\\"/public/images/favicon-dark.ico\\" media=\\"(prefers-color-scheme: dark)\\"/><link rel=\\"icon\\" type=\\"image/ico\\" href=\\"/public/images/favicon.ico\\" media=\\"(prefers-color-scheme: light), (prefers-color-scheme: no-preference)\\"/><link rel=\\"stylesheet\\" type=\\"text/css\\" href=\\"/public/styles/main.css\\"/><title>Veritable - New Total Carbon Embodiment Query</title></head><body hx-ext=\\"json-enc\\"><nav id=\\"side-bar\\"><a id=\\"veritable-logo\\" href=\\"/about\\"></a><div class=\\"profile-icon\\" style=\\"background-color:#38b6ff;\\">A</div><a title=\\"categories\\" href=\\"/\\" style=\\"--background-image:url('/public/images/category.svg');\\"></a><a title=\\"connections\\" href=\\"/connection\\" style=\\"--background-image:url('/public/images/connection.svg');\\"></a><a title=\\"queries\\" href=\\"/queries\\" data-active style=\\"--background-image:url('/public/images/query.svg');\\"></a><a title=\\"credentials\\" href=\\"/credentials\\" style=\\"--background-image:url('/public/images/credential.svg');\\"></a><a title=\\"settings\\" href=\\"/settings\\" style=\\"--background-image:url('/public/images/setting.svg');\\"></a></nav><main><div id=\\"content-header\\"><h1>Total Carbon Embodiment Query</h1><div id=\\"content-header-nav\\"><a title=\\"home\\" class=\\"nav icon\\" href=\\"/\\"></a><a title=\\"Query Management\\" href=\\"/queries\\">Query Management</a><a title=\\"New\\" href=\\"/queries/new?type=total_carbon_embodiment\\">New</a><a title=\\"Total Carbon Embodiment\\" href=\\"/queries/new?type=total_carbon_embodiment\\">Total Carbon Embodiment</a></div></div><div id=\\"content-main\\"><div class=\\"connections header\\"></div><div class=\\"card-body\\"><div id=\\"new-query-confirmation-text\\"><h1>Your Query has been sent!</h1><p>Your query has been successfully shared with the following supplier:</p><i><p>company1</p></i><p>Once all responses are received, the information will be automatically gathered and shared with you. No further action is needed on your part. You can trust that the process is secure, transparent, and streamlined for your convenience.</p><p>You can check the status of your query in the Queries section of your dashboard.</p><a class=\\"button \\" href=\\"/queries\\" data-variant=\\"filled\\"><span>Back to Queries</span></a></div></div></div></main></body></html>"`;
