// Jest Snapshot v1, https://goo.gl/fbAQLP

exports[`ConnectionTemplates listPage should escape html in name 1`] = `"<!DOCTYPE html><html lang=\\"en\\"><head><script src=\\"/lib/htmx.org/htmx.min.js\\"></script><script src=\\"/lib/htmx-ext-json-enc/json-enc.js\\"></script><script src=\\"/public/scripts/auth-redirect.js\\"></script><link rel=\\"icon\\" type=\\"image/ico\\" href=\\"/public/images/favicon-dark.ico\\" media=\\"(prefers-color-scheme: dark)\\"/><link rel=\\"icon\\" type=\\"image/ico\\" href=\\"/public/images/favicon.ico\\" media=\\"(prefers-color-scheme: light), (prefers-color-scheme: no-preference)\\"/><link rel=\\"stylesheet\\" type=\\"text/css\\" href=\\"/public/styles/main.css\\"/><link rel=\\"stylesheet\\" type=\\"text/css\\" href=\\"/public/styles/query.css\\"/><title>Veritable - Queries</title></head><body hx-ext=\\"json-enc\\"><nav id=\\"side-bar\\"><a id=\\"veritable-logo\\" href=\\"/\\"></a><div class=\\"profile-icon\\" style=\\"background-color:#38b6ff;\\">A</div><a title=\\"categories\\" href=\\"/\\" style=\\"--background-image:url('/public/images/category.svg');\\"></a><a title=\\"connections\\" href=\\"/connection\\" style=\\"--background-image:url('/public/images/connection.svg');\\"></a><a title=\\"queries\\" href=\\"/queries\\" data-active style=\\"--background-image:url('/public/images/query.svg');\\"></a><a title=\\"credentials\\" href=\\"/credentials\\" style=\\"--background-image:url('/public/images/credential.svg');\\"></a><a title=\\"settings\\" href=\\"/settings\\" style=\\"--background-image:url('/public/images/setting.svg');\\"></a></nav><main><div id=\\"content-header\\"><h1>Query Management</h1><div id=\\"content-header-nav\\"><a title=\\"home\\" class=\\"nav icon\\" href=\\"/\\"></a><a title=\\"Query Management\\" href=\\"/queries\\">Query Management</a></div></div><div id=\\"content-main\\" hx-get=\\"/queries\\" hx-trigger=\\"every 10s\\" hx-select=\\"#search-results\\" hx-target=\\"#search-results\\" hx-swap=\\"outerHTML\\" hx-include=\\"#queries-search-input\\"><div class=\\"list-page-header\\"><span>Query Management</span><a class=\\"button \\" href=\\"/queries/new\\" data-variant=\\"filled\\"><div style=\\"--button-icon:url(&#34;/public/images/plus.svg&#34;);\\"></div><span>Query Request</span></a></div><div class=\\"list-page \\"><div class=\\"list-nav\\"><span>Query Management</span><input id=\\"queries-search-input\\" class=\\"search-window\\" type=\\"search\\" name=\\"search\\" value=\\"\\" placeholder=\\"Search\\" hx-get=\\"/queries\\" hx-trigger=\\"input changed delay:500ms, search\\" hx-target=\\"#search-results\\" hx-select=\\"#search-results\\" hx-swap=\\"outerHTML\\"/></div><table class=\\"list-page\\"><thead><th><span>Company Name</span><a class=\\"list-filter-icon icon disabled\\"></a></th><th><span>Query Type</span><a class=\\"list-filter-icon icon disabled\\"></a></th><th><span>Direction</span><a class=\\"list-filter-icon icon disabled\\"></a></th><th><span>Requested deadline</span><a class=\\"list-filter-icon icon disabled\\"></a></th><th><span>Status</span><a class=\\"list-filter-icon icon disabled\\"></a></th><th><span>Actions</span><a class=\\"list-filter-icon icon disabled\\"></a></th></thead><tbody id=\\"search-results\\"><tr><td>&lt;div>I own you&lt;/div></td><td>Total Carbon Embodiment</td><td><p>Sent</p></td><td><time>2024-07-04T00:00:00.000Z</time></td><td><div class=\\"list-item-status\\" data-status=\\"success\\">Resolved</div></td><td><a class=\\"button \\" href=\\"/queries/scope-3-carbon-consumption/someID/view-response\\" data-variant=\\"outlined\\"><div style=\\"--button-icon:url(&#34;/public/images/dot-icon.svg&#34;);\\"></div><span>View Response</span></a></td></tr></tbody></table></div></div></main></body></html>"`;

exports[`ConnectionTemplates listPage should render multiple with each status 1`] = `"<!DOCTYPE html><html lang=\\"en\\"><head><script src=\\"/lib/htmx.org/htmx.min.js\\"></script><script src=\\"/lib/htmx-ext-json-enc/json-enc.js\\"></script><script src=\\"/public/scripts/auth-redirect.js\\"></script><link rel=\\"icon\\" type=\\"image/ico\\" href=\\"/public/images/favicon-dark.ico\\" media=\\"(prefers-color-scheme: dark)\\"/><link rel=\\"icon\\" type=\\"image/ico\\" href=\\"/public/images/favicon.ico\\" media=\\"(prefers-color-scheme: light), (prefers-color-scheme: no-preference)\\"/><link rel=\\"stylesheet\\" type=\\"text/css\\" href=\\"/public/styles/main.css\\"/><link rel=\\"stylesheet\\" type=\\"text/css\\" href=\\"/public/styles/query.css\\"/><title>Veritable - Queries</title></head><body hx-ext=\\"json-enc\\"><nav id=\\"side-bar\\"><a id=\\"veritable-logo\\" href=\\"/\\"></a><div class=\\"profile-icon\\" style=\\"background-color:#38b6ff;\\">A</div><a title=\\"categories\\" href=\\"/\\" style=\\"--background-image:url('/public/images/category.svg');\\"></a><a title=\\"connections\\" href=\\"/connection\\" style=\\"--background-image:url('/public/images/connection.svg');\\"></a><a title=\\"queries\\" href=\\"/queries\\" data-active style=\\"--background-image:url('/public/images/query.svg');\\"></a><a title=\\"credentials\\" href=\\"/credentials\\" style=\\"--background-image:url('/public/images/credential.svg');\\"></a><a title=\\"settings\\" href=\\"/settings\\" style=\\"--background-image:url('/public/images/setting.svg');\\"></a></nav><main><div id=\\"content-header\\"><h1>Query Management</h1><div id=\\"content-header-nav\\"><a title=\\"home\\" class=\\"nav icon\\" href=\\"/\\"></a><a title=\\"Query Management\\" href=\\"/queries\\">Query Management</a></div></div><div id=\\"content-main\\" hx-get=\\"/queries\\" hx-trigger=\\"every 10s\\" hx-select=\\"#search-results\\" hx-target=\\"#search-results\\" hx-swap=\\"outerHTML\\" hx-include=\\"#queries-search-input\\"><div class=\\"list-page-header\\"><span>Query Management</span><a class=\\"button \\" href=\\"/queries/new\\" data-variant=\\"filled\\"><div style=\\"--button-icon:url(&#34;/public/images/plus.svg&#34;);\\"></div><span>Query Request</span></a></div><div class=\\"list-page \\"><div class=\\"list-nav\\"><span>Query Management</span><input id=\\"queries-search-input\\" class=\\"search-window\\" type=\\"search\\" name=\\"search\\" value=\\"\\" placeholder=\\"Search\\" hx-get=\\"/queries\\" hx-trigger=\\"input changed delay:500ms, search\\" hx-target=\\"#search-results\\" hx-select=\\"#search-results\\" hx-swap=\\"outerHTML\\"/></div><table class=\\"list-page\\"><thead><th><span>Company Name</span><a class=\\"list-filter-icon icon disabled\\"></a></th><th><span>Query Type</span><a class=\\"list-filter-icon icon disabled\\"></a></th><th><span>Direction</span><a class=\\"list-filter-icon icon disabled\\"></a></th><th><span>Requested deadline</span><a class=\\"list-filter-icon icon disabled\\"></a></th><th><span>Status</span><a class=\\"list-filter-icon icon disabled\\"></a></th><th><span>Actions</span><a class=\\"list-filter-icon icon disabled\\"></a></th></thead><tbody id=\\"search-results\\"><tr><td>Company A</td><td>Total Carbon Embodiment</td><td><p>Sent</p></td><td><time>2024-07-04T00:00:00.000Z</time></td><td><div class=\\"list-item-status\\" data-status=\\"success\\">Resolved</div></td><td><a class=\\"button \\" href=\\"/queries/scope-3-carbon-consumption/someID1/view-response\\" data-variant=\\"outlined\\"><div style=\\"--button-icon:url(&#34;/public/images/dot-icon.svg&#34;);\\"></div><span>View Response</span></a></td></tr><tr><td>Company B</td><td>Total Carbon Embodiment</td><td><p>Sent</p></td><td><time>2024-07-04T00:00:00.000Z</time></td><td><div class=\\"list-item-status\\" data-status=\\"success\\">Resolved</div></td><td><a class=\\"button \\" href=\\"/queries/scope-3-carbon-consumption/someID2/view-response\\" data-variant=\\"outlined\\"><div style=\\"--button-icon:url(&#34;/public/images/dot-icon.svg&#34;);\\"></div><span>View Response</span></a></td></tr><tr><td>Company C</td><td>Total Carbon Embodiment</td><td><p>Sent</p></td><td><time>2024-07-04T00:00:00.000Z</time></td><td><div class=\\"list-item-status\\" data-status=\\"success\\">Resolved</div></td><td><a class=\\"button \\" href=\\"/queries/scope-3-carbon-consumption/someID3/view-response\\" data-variant=\\"outlined\\"><div style=\\"--button-icon:url(&#34;/public/images/dot-icon.svg&#34;);\\"></div><span>View Response</span></a></td></tr><tr><td>Company D</td><td>Total Carbon Embodiment</td><td><p>Sent</p></td><td><time>2024-07-04T00:00:00.000Z</time></td><td><div class=\\"list-item-status\\" data-status=\\"success\\">Resolved</div></td><td><a class=\\"button \\" href=\\"/queries/scope-3-carbon-consumption/someID4/view-response\\" data-variant=\\"outlined\\"><div style=\\"--button-icon:url(&#34;/public/images/dot-icon.svg&#34;);\\"></div><span>View Response</span></a></td></tr><tr><td>Company E</td><td>Total Carbon Embodiment</td><td><p>Sent</p></td><td><time>2024-07-04T00:00:00.000Z</time></td><td><div class=\\"list-item-status\\" data-status=\\"success\\">Resolved</div></td><td><a class=\\"button \\" href=\\"/queries/scope-3-carbon-consumption/someID5/view-response\\" data-variant=\\"outlined\\"><div style=\\"--button-icon:url(&#34;/public/images/dot-icon.svg&#34;);\\"></div><span>View Response</span></a></td></tr><tr><td>Company F</td><td>Total Carbon Embodiment</td><td><p>Sent</p></td><td><time>2024-07-04T00:00:00.000Z</time></td><td><div class=\\"list-item-status\\" data-status=\\"success\\">Resolved</div></td><td><a class=\\"button \\" href=\\"/queries/scope-3-carbon-consumption/someID6/view-response\\" data-variant=\\"outlined\\"><div style=\\"--button-icon:url(&#34;/public/images/dot-icon.svg&#34;);\\"></div><span>View Response</span></a></td></tr><tr><td>Company G</td><td>Total Carbon Embodiment</td><td><p>Sent</p></td><td><time>2024-07-04T00:00:00.000Z</time></td><td><div class=\\"list-item-status\\" data-status=\\"error\\">Errored</div></td><td><a class=\\"button disabled\\" href=\\"#\\" data-variant=\\"outlined\\"><div style=\\"--button-icon:url(&#34;/public/images/dot-icon.svg&#34;);\\"></div><span>no action available</span></a></td></tr></tbody></table></div></div></main></body></html>"`;

exports[`ConnectionTemplates listPage should render with no connections 1`] = `"<!DOCTYPE html><html lang=\\"en\\"><head><script src=\\"/lib/htmx.org/htmx.min.js\\"></script><script src=\\"/lib/htmx-ext-json-enc/json-enc.js\\"></script><script src=\\"/public/scripts/auth-redirect.js\\"></script><link rel=\\"icon\\" type=\\"image/ico\\" href=\\"/public/images/favicon-dark.ico\\" media=\\"(prefers-color-scheme: dark)\\"/><link rel=\\"icon\\" type=\\"image/ico\\" href=\\"/public/images/favicon.ico\\" media=\\"(prefers-color-scheme: light), (prefers-color-scheme: no-preference)\\"/><link rel=\\"stylesheet\\" type=\\"text/css\\" href=\\"/public/styles/main.css\\"/><link rel=\\"stylesheet\\" type=\\"text/css\\" href=\\"/public/styles/query.css\\"/><title>Veritable - Queries</title></head><body hx-ext=\\"json-enc\\"><nav id=\\"side-bar\\"><a id=\\"veritable-logo\\" href=\\"/\\"></a><div class=\\"profile-icon\\" style=\\"background-color:#38b6ff;\\">A</div><a title=\\"categories\\" href=\\"/\\" style=\\"--background-image:url('/public/images/category.svg');\\"></a><a title=\\"connections\\" href=\\"/connection\\" style=\\"--background-image:url('/public/images/connection.svg');\\"></a><a title=\\"queries\\" href=\\"/queries\\" data-active style=\\"--background-image:url('/public/images/query.svg');\\"></a><a title=\\"credentials\\" href=\\"/credentials\\" style=\\"--background-image:url('/public/images/credential.svg');\\"></a><a title=\\"settings\\" href=\\"/settings\\" style=\\"--background-image:url('/public/images/setting.svg');\\"></a></nav><main><div id=\\"content-header\\"><h1>Query Management</h1><div id=\\"content-header-nav\\"><a title=\\"home\\" class=\\"nav icon\\" href=\\"/\\"></a><a title=\\"Query Management\\" href=\\"/queries\\">Query Management</a></div></div><div id=\\"content-main\\" hx-get=\\"/queries\\" hx-trigger=\\"every 10s\\" hx-select=\\"#search-results\\" hx-target=\\"#search-results\\" hx-swap=\\"outerHTML\\" hx-include=\\"#queries-search-input\\"><div class=\\"list-page-header\\"><span>Query Management</span><a class=\\"button \\" href=\\"/queries/new\\" data-variant=\\"filled\\"><div style=\\"--button-icon:url(&#34;/public/images/plus.svg&#34;);\\"></div><span>Query Request</span></a></div><div class=\\"list-page \\"><div class=\\"list-nav\\"><span>Query Management</span><input id=\\"queries-search-input\\" class=\\"search-window\\" type=\\"search\\" name=\\"search\\" value=\\"\\" placeholder=\\"Search\\" hx-get=\\"/queries\\" hx-trigger=\\"input changed delay:500ms, search\\" hx-target=\\"#search-results\\" hx-select=\\"#search-results\\" hx-swap=\\"outerHTML\\"/></div><table class=\\"list-page\\"><thead><th><span>Company Name</span><a class=\\"list-filter-icon icon disabled\\"></a></th><th><span>Query Type</span><a class=\\"list-filter-icon icon disabled\\"></a></th><th><span>Direction</span><a class=\\"list-filter-icon icon disabled\\"></a></th><th><span>Requested deadline</span><a class=\\"list-filter-icon icon disabled\\"></a></th><th><span>Status</span><a class=\\"list-filter-icon icon disabled\\"></a></th><th><span>Actions</span><a class=\\"list-filter-icon icon disabled\\"></a></th></thead><tbody id=\\"search-results\\"><tr><td>No Queries for that search. Try again or add a new query</td></tr></tbody></table></div></div></main></body></html>"`;

exports[`ConnectionTemplates listPage should render with single query 1`] = `"<!DOCTYPE html><html lang=\\"en\\"><head><script src=\\"/lib/htmx.org/htmx.min.js\\"></script><script src=\\"/lib/htmx-ext-json-enc/json-enc.js\\"></script><script src=\\"/public/scripts/auth-redirect.js\\"></script><link rel=\\"icon\\" type=\\"image/ico\\" href=\\"/public/images/favicon-dark.ico\\" media=\\"(prefers-color-scheme: dark)\\"/><link rel=\\"icon\\" type=\\"image/ico\\" href=\\"/public/images/favicon.ico\\" media=\\"(prefers-color-scheme: light), (prefers-color-scheme: no-preference)\\"/><link rel=\\"stylesheet\\" type=\\"text/css\\" href=\\"/public/styles/main.css\\"/><link rel=\\"stylesheet\\" type=\\"text/css\\" href=\\"/public/styles/query.css\\"/><title>Veritable - Queries</title></head><body hx-ext=\\"json-enc\\"><nav id=\\"side-bar\\"><a id=\\"veritable-logo\\" href=\\"/\\"></a><div class=\\"profile-icon\\" style=\\"background-color:#38b6ff;\\">A</div><a title=\\"categories\\" href=\\"/\\" style=\\"--background-image:url('/public/images/category.svg');\\"></a><a title=\\"connections\\" href=\\"/connection\\" style=\\"--background-image:url('/public/images/connection.svg');\\"></a><a title=\\"queries\\" href=\\"/queries\\" data-active style=\\"--background-image:url('/public/images/query.svg');\\"></a><a title=\\"credentials\\" href=\\"/credentials\\" style=\\"--background-image:url('/public/images/credential.svg');\\"></a><a title=\\"settings\\" href=\\"/settings\\" style=\\"--background-image:url('/public/images/setting.svg');\\"></a></nav><main><div id=\\"content-header\\"><h1>Query Management</h1><div id=\\"content-header-nav\\"><a title=\\"home\\" class=\\"nav icon\\" href=\\"/\\"></a><a title=\\"Query Management\\" href=\\"/queries\\">Query Management</a></div></div><div id=\\"content-main\\" hx-get=\\"/queries\\" hx-trigger=\\"every 10s\\" hx-select=\\"#search-results\\" hx-target=\\"#search-results\\" hx-swap=\\"outerHTML\\" hx-include=\\"#queries-search-input\\"><div class=\\"list-page-header\\"><span>Query Management</span><a class=\\"button \\" href=\\"/queries/new\\" data-variant=\\"filled\\"><div style=\\"--button-icon:url(&#34;/public/images/plus.svg&#34;);\\"></div><span>Query Request</span></a></div><div class=\\"list-page \\"><div class=\\"list-nav\\"><span>Query Management</span><input id=\\"queries-search-input\\" class=\\"search-window\\" type=\\"search\\" name=\\"search\\" value=\\"\\" placeholder=\\"Search\\" hx-get=\\"/queries\\" hx-trigger=\\"input changed delay:500ms, search\\" hx-target=\\"#search-results\\" hx-select=\\"#search-results\\" hx-swap=\\"outerHTML\\"/></div><table class=\\"list-page\\"><thead><th><span>Company Name</span><a class=\\"list-filter-icon icon disabled\\"></a></th><th><span>Query Type</span><a class=\\"list-filter-icon icon disabled\\"></a></th><th><span>Direction</span><a class=\\"list-filter-icon icon disabled\\"></a></th><th><span>Requested deadline</span><a class=\\"list-filter-icon icon disabled\\"></a></th><th><span>Status</span><a class=\\"list-filter-icon icon disabled\\"></a></th><th><span>Actions</span><a class=\\"list-filter-icon icon disabled\\"></a></th></thead><tbody id=\\"search-results\\"><tr><td>Company A</td><td>Total Carbon Embodiment</td><td><p>Sent</p></td><td><time>2024-07-04T00:00:00.000Z</time></td><td><div class=\\"list-item-status\\" data-status=\\"success\\">Resolved</div></td><td><a class=\\"button \\" href=\\"/queries/scope-3-carbon-consumption/someID/view-response\\" data-variant=\\"outlined\\"><div style=\\"--button-icon:url(&#34;/public/images/dot-icon.svg&#34;);\\"></div><span>View Response</span></a></td></tr></tbody></table></div></div></main></body></html>"`;
