// Jest Snapshot v1, https://goo.gl/fbAQLP

exports[`Scope3CarbonConsumptionTemplates newScope3CarbonConsumptionFormPage companySelect with companies 1`] = `"<!DOCTYPE html><html lang=\\"en\\"><head><script src=\\"/lib/htmx.org/htmx.min.js\\"></script><script src=\\"/lib/htmx-ext-json-enc/json-enc.js\\"></script><script src=\\"/public/scripts/auth-redirect.js\\"></script><link rel=\\"icon\\" type=\\"image/ico\\" href=\\"/public/images/favicon-dark.ico\\" media=\\"(prefers-color-scheme: dark)\\"/><link rel=\\"icon\\" type=\\"image/ico\\" href=\\"/public/images/favicon.ico\\" media=\\"(prefers-color-scheme: light), (prefers-color-scheme: no-preference)\\"/><link rel=\\"stylesheet\\" type=\\"text/css\\" href=\\"/public/styles/main.css\\"/><title>Veritable - New Scope 3 Carbon Consumption Query</title></head><body hx-ext=\\"json-enc\\"><nav id=\\"side-bar\\"><img src=\\"/public/images/logo-square.svg\\"/><div class=\\"profile-icon\\" style=\\"background-color:#38b6ff;\\">A</div><a title=\\"categories\\" href=\\"/\\" style=\\"--background-image:url('/public/images/category.svg');\\"></a><a title=\\"queries\\" href=\\"/queries\\" data-active style=\\"--background-image:url('/public/images/query.svg');\\"></a><a title=\\"credentials\\" href=\\"/credentials\\" style=\\"--background-image:url('/public/images/credential.svg');\\"></a><a title=\\"connections\\" href=\\"/connection\\" style=\\"--background-image:url('/public/images/connection.svg');\\"></a><a title=\\"settings\\" href=\\"#\\" class=\\"disabled\\" style=\\"--background-image:url('/public/images/setting.svg');\\"></a></nav><main><div id=\\"content-header\\"><h1>Select Company To Send Your Query To</h1><div id=\\"content-header-nav\\"><a title=\\"home\\" class=\\"nav icon\\" href=\\"/\\"></a><a title=\\"Query Management\\" href=\\"/queries\\">Query Management</a><a title=\\"New\\" href=\\"/queries/new\\">New</a><a title=\\"Scope 3 Carbon Consumption\\" href=\\"/queries/new/scope-3-carbon-consumption\\">Scope 3 Carbon Consumption</a></div></div><div id=\\"content-main\\"><div class=\\"connections header\\"></div><div class=\\"card-body\\"><div><div class=\\"main-list-page\\" hx-post=\\"/queries/new/scope-3-carbon-consumption\\" hx-trigger=\\"input changed delay:500ms\\" hx-select=\\"#search-results\\" hx-target=\\"#search-results\\" hx-swap=\\"outerHTML\\" hx-include=\\"#queries-search-input\\"><div class=\\"list-page \\"><div class=\\"list-nav\\"><span>Select a Company to send Query to </span><input id=\\"queries-search-input\\" class=\\"search-window\\" type=\\"search\\" name=\\"search\\" value=\\"search-text\\" placeholder=\\"Search\\" hx-get=\\"/queries/new/scope-3-carbon-consumption\\" hx-trigger=\\"input changed delay:50ms, search\\" hx-target=\\"#search-results\\" hx-select=\\"#search-results\\" hx-swap=\\"outerHTML\\"/></div><form id=\\"company-form\\" hx-post=\\"/queries/new/scope-3-carbon-consumption/stage\\" hx-trigger=\\"submit\\" hx-include=\\".company-checkbox:checked\\" hx-select=\\"main > *\\" hx-target=\\"main\\" hx-swap=\\"innerHTML\\"><input type=\\"hidden\\" name=\\"action\\" value=\\"form\\"/><table class=\\"list-page\\"><thead><th width=\\"4%\\"><span>Select</span><a class=\\"list-table icon disabled\\"></a></th><th width=\\"96%\\"><span>Company Name</span><a class=\\"list-table icon disabled\\"></a></th></thead><tbody id=\\"search-results\\"><tr><td><input type=\\"checkbox\\" class=\\"company-checkbox\\" name=\\"connectionId\\" value=\\"1\\" disabled/></td><td>company1</td></tr><tr><td><input type=\\"checkbox\\" class=\\"company-checkbox\\" name=\\"connectionId\\" value=\\"2\\" disabled/></td><td>company2</td></tr></tbody></table><button type=\\"submit\\" class=\\"button\\" id=\\"company-selected-next-button\\">Next</button></form></div></div></div></div></div></main></body></html>"`;

exports[`Scope3CarbonConsumptionTemplates newScope3CarbonConsumptionFormPage companySelect with no companies 1`] = `"<!DOCTYPE html><html lang=\\"en\\"><head><script src=\\"/lib/htmx.org/htmx.min.js\\"></script><script src=\\"/lib/htmx-ext-json-enc/json-enc.js\\"></script><script src=\\"/public/scripts/auth-redirect.js\\"></script><link rel=\\"icon\\" type=\\"image/ico\\" href=\\"/public/images/favicon-dark.ico\\" media=\\"(prefers-color-scheme: dark)\\"/><link rel=\\"icon\\" type=\\"image/ico\\" href=\\"/public/images/favicon.ico\\" media=\\"(prefers-color-scheme: light), (prefers-color-scheme: no-preference)\\"/><link rel=\\"stylesheet\\" type=\\"text/css\\" href=\\"/public/styles/main.css\\"/><title>Veritable - New Scope 3 Carbon Consumption Query</title></head><body hx-ext=\\"json-enc\\"><nav id=\\"side-bar\\"><img src=\\"/public/images/logo-square.svg\\"/><div class=\\"profile-icon\\" style=\\"background-color:#38b6ff;\\">A</div><a title=\\"categories\\" href=\\"/\\" style=\\"--background-image:url('/public/images/category.svg');\\"></a><a title=\\"queries\\" href=\\"/queries\\" data-active style=\\"--background-image:url('/public/images/query.svg');\\"></a><a title=\\"credentials\\" href=\\"/credentials\\" style=\\"--background-image:url('/public/images/credential.svg');\\"></a><a title=\\"connections\\" href=\\"/connection\\" style=\\"--background-image:url('/public/images/connection.svg');\\"></a><a title=\\"settings\\" href=\\"#\\" class=\\"disabled\\" style=\\"--background-image:url('/public/images/setting.svg');\\"></a></nav><main><div id=\\"content-header\\"><h1>Select Company To Send Your Query To</h1><div id=\\"content-header-nav\\"><a title=\\"home\\" class=\\"nav icon\\" href=\\"/\\"></a><a title=\\"Query Management\\" href=\\"/queries\\">Query Management</a><a title=\\"New\\" href=\\"/queries/new\\">New</a><a title=\\"Scope 3 Carbon Consumption\\" href=\\"/queries/new/scope-3-carbon-consumption\\">Scope 3 Carbon Consumption</a></div></div><div id=\\"content-main\\"><div class=\\"connections header\\"></div><div class=\\"card-body\\"><div><div class=\\"main-list-page\\" hx-post=\\"/queries/new/scope-3-carbon-consumption\\" hx-trigger=\\"input changed delay:500ms\\" hx-select=\\"#search-results\\" hx-target=\\"#search-results\\" hx-swap=\\"outerHTML\\" hx-include=\\"#queries-search-input\\"><div class=\\"list-page \\"><div class=\\"list-nav\\"><span>Select a Company to send Query to </span><input id=\\"queries-search-input\\" class=\\"search-window\\" type=\\"search\\" name=\\"search\\" value=\\"search-text\\" placeholder=\\"Search\\" hx-get=\\"/queries/new/scope-3-carbon-consumption\\" hx-trigger=\\"input changed delay:50ms, search\\" hx-target=\\"#search-results\\" hx-select=\\"#search-results\\" hx-swap=\\"outerHTML\\"/></div><form id=\\"company-form\\" hx-post=\\"/queries/new/scope-3-carbon-consumption/stage\\" hx-trigger=\\"submit\\" hx-include=\\".company-checkbox:checked\\" hx-select=\\"main > *\\" hx-target=\\"main\\" hx-swap=\\"innerHTML\\"><input type=\\"hidden\\" name=\\"action\\" value=\\"form\\"/><table class=\\"list-page\\"><thead><th width=\\"4%\\"><span>Select</span><a class=\\"list-table icon disabled\\"></a></th><th width=\\"96%\\"><span>Company Name</span><a class=\\"list-table icon disabled\\"></a></th></thead><tbody id=\\"search-results\\"><tr><td>No connections for that search. Please establish a connection and try again.</td></tr></tbody></table><button type=\\"submit\\" class=\\"button\\" id=\\"company-selected-next-button\\">Next</button></form></div></div></div></div></div></main></body></html>"`;

exports[`Scope3CarbonConsumptionTemplates newScope3CarbonConsumptionFormPage error 1`] = `"<!DOCTYPE html><html lang=\\"en\\"><head><script src=\\"/lib/htmx.org/htmx.min.js\\"></script><script src=\\"/lib/htmx-ext-json-enc/json-enc.js\\"></script><script src=\\"/public/scripts/auth-redirect.js\\"></script><link rel=\\"icon\\" type=\\"image/ico\\" href=\\"/public/images/favicon-dark.ico\\" media=\\"(prefers-color-scheme: dark)\\"/><link rel=\\"icon\\" type=\\"image/ico\\" href=\\"/public/images/favicon.ico\\" media=\\"(prefers-color-scheme: light), (prefers-color-scheme: no-preference)\\"/><link rel=\\"stylesheet\\" type=\\"text/css\\" href=\\"/public/styles/main.css\\"/><title>Veritable - New Scope 3 Carbon Consumption Query</title></head><body hx-ext=\\"json-enc\\"><nav id=\\"side-bar\\"><img src=\\"/public/images/logo-square.svg\\"/><div class=\\"profile-icon\\" style=\\"background-color:#38b6ff;\\">A</div><a title=\\"categories\\" href=\\"/\\" style=\\"--background-image:url('/public/images/category.svg');\\"></a><a title=\\"queries\\" href=\\"/queries\\" data-active style=\\"--background-image:url('/public/images/query.svg');\\"></a><a title=\\"credentials\\" href=\\"/credentials\\" style=\\"--background-image:url('/public/images/credential.svg');\\"></a><a title=\\"connections\\" href=\\"/connection\\" style=\\"--background-image:url('/public/images/connection.svg');\\"></a><a title=\\"settings\\" href=\\"#\\" class=\\"disabled\\" style=\\"--background-image:url('/public/images/setting.svg');\\"></a></nav><main><div id=\\"content-header\\"><h1>Select Company To Send Your Query To</h1><div id=\\"content-header-nav\\"><a title=\\"home\\" class=\\"nav icon\\" href=\\"/\\"></a><a title=\\"Query Management\\" href=\\"/queries\\">Query Management</a><a title=\\"New\\" href=\\"/queries/new\\">New</a><a title=\\"Scope 3 Carbon Consumption\\" href=\\"/queries/new/scope-3-carbon-consumption\\">Scope 3 Carbon Consumption</a></div></div><div id=\\"content-main\\"><div class=\\"connections header\\"></div><div class=\\"card-body\\"><div id=\\"new-query-confirmation-text\\"><p>An unknown error occurred whilst submitting your query to: company1.</p><p>Please try again later.</p><a class=\\"button \\" href=\\"/queries\\" data-variant=\\"filled\\"><span>Back to Queries</span></a></div></div></div></main></body></html>"`;

exports[`Scope3CarbonConsumptionTemplates newScope3CarbonConsumptionFormPage form with product and quantity inputs 1`] = `"<!DOCTYPE html><html lang=\\"en\\"><head><script src=\\"/lib/htmx.org/htmx.min.js\\"></script><script src=\\"/lib/htmx-ext-json-enc/json-enc.js\\"></script><script src=\\"/public/scripts/auth-redirect.js\\"></script><link rel=\\"icon\\" type=\\"image/ico\\" href=\\"/public/images/favicon-dark.ico\\" media=\\"(prefers-color-scheme: dark)\\"/><link rel=\\"icon\\" type=\\"image/ico\\" href=\\"/public/images/favicon.ico\\" media=\\"(prefers-color-scheme: light), (prefers-color-scheme: no-preference)\\"/><link rel=\\"stylesheet\\" type=\\"text/css\\" href=\\"/public/styles/main.css\\"/><title>Veritable - New Scope 3 Carbon Consumption Query</title></head><body hx-ext=\\"json-enc\\"><nav id=\\"side-bar\\"><img src=\\"/public/images/logo-square.svg\\"/><div class=\\"profile-icon\\" style=\\"background-color:#38b6ff;\\">A</div><a title=\\"categories\\" href=\\"/\\" style=\\"--background-image:url('/public/images/category.svg');\\"></a><a title=\\"queries\\" href=\\"/queries\\" data-active style=\\"--background-image:url('/public/images/query.svg');\\"></a><a title=\\"credentials\\" href=\\"/credentials\\" style=\\"--background-image:url('/public/images/credential.svg');\\"></a><a title=\\"connections\\" href=\\"/connection\\" style=\\"--background-image:url('/public/images/connection.svg');\\"></a><a title=\\"settings\\" href=\\"#\\" class=\\"disabled\\" style=\\"--background-image:url('/public/images/setting.svg');\\"></a></nav><main><div id=\\"content-header\\"><h1>Select Company To Send Your Query To</h1><div id=\\"content-header-nav\\"><a title=\\"home\\" class=\\"nav icon\\" href=\\"/\\"></a><a title=\\"Query Management\\" href=\\"/queries\\">Query Management</a><a title=\\"New\\" href=\\"/queries/new\\">New</a><a title=\\"Scope 3 Carbon Consumption\\" href=\\"/queries/new/scope-3-carbon-consumption\\">Scope 3 Carbon Consumption</a></div></div><div id=\\"content-main\\"><div class=\\"connections header\\"></div><div class=\\"card-body\\"><div><div class=\\"container-scope3-carbon\\"><div class=\\"scope3-co2-left\\"><h1>Total Carbon Embodiment</h1><p class=\\"query-text-carbon3-consumption\\">Creates a query for obtaining the total carbon embodiment for a given product/component.</p></div><div class=\\"scope3-co2-right\\"><p>Choose the product that you want to apply the query “What is the total carbon embodiment for the product/component below?” to.</p><form id=\\"scope-3-carbon-consumption\\" hx-post=\\"/queries/new/scope-3-carbon-consumption/stage\\" hx-select=\\"main > *\\" hx-target=\\"main\\" hx-swap=\\"innerHTML\\"><input type=\\"hidden\\" name=\\"connectionId\\" value=\\"connection-id\\"/><div class=\\"input-container\\"><label for=\\"productId-input\\" class=\\"input-label\\">Product ID</label><input id=\\"productId-input\\" name=\\"productId\\" placeholder=\\"BX20001\\" class=\\"input-with-label\\" type=\\"text\\" required value=\\"product-id\\"/><p class=\\"additional-input-label\\">Product ID</p></div><div class=\\"input-container\\"><label for=\\"productQuantity-input\\" class=\\"input-label\\">Quantity</label><input id=\\"productQuantity-input\\" name=\\"quantity\\" type=\\"text\\" placeholder=\\"123\\" pattern=\\"^\\\\d+$\\" required value=\\"123\\" class=\\"input-with-label\\"/><p class=\\"additional-input-label\\">Quantity of product</p></div><button class=\\"button  \\" data-variant=\\"filled\\" type=\\"submit\\" name=\\"action\\" value=\\"success\\"><span>Submit Query</span></button></form></div></div></div></div></div></main></body></html>"`;

exports[`Scope3CarbonConsumptionTemplates newScope3CarbonConsumptionFormPage form without product and quantity inputs 1`] = `"<!DOCTYPE html><html lang=\\"en\\"><head><script src=\\"/lib/htmx.org/htmx.min.js\\"></script><script src=\\"/lib/htmx-ext-json-enc/json-enc.js\\"></script><script src=\\"/public/scripts/auth-redirect.js\\"></script><link rel=\\"icon\\" type=\\"image/ico\\" href=\\"/public/images/favicon-dark.ico\\" media=\\"(prefers-color-scheme: dark)\\"/><link rel=\\"icon\\" type=\\"image/ico\\" href=\\"/public/images/favicon.ico\\" media=\\"(prefers-color-scheme: light), (prefers-color-scheme: no-preference)\\"/><link rel=\\"stylesheet\\" type=\\"text/css\\" href=\\"/public/styles/main.css\\"/><title>Veritable - New Scope 3 Carbon Consumption Query</title></head><body hx-ext=\\"json-enc\\"><nav id=\\"side-bar\\"><img src=\\"/public/images/logo-square.svg\\"/><div class=\\"profile-icon\\" style=\\"background-color:#38b6ff;\\">A</div><a title=\\"categories\\" href=\\"/\\" style=\\"--background-image:url('/public/images/category.svg');\\"></a><a title=\\"queries\\" href=\\"/queries\\" data-active style=\\"--background-image:url('/public/images/query.svg');\\"></a><a title=\\"credentials\\" href=\\"/credentials\\" style=\\"--background-image:url('/public/images/credential.svg');\\"></a><a title=\\"connections\\" href=\\"/connection\\" style=\\"--background-image:url('/public/images/connection.svg');\\"></a><a title=\\"settings\\" href=\\"#\\" class=\\"disabled\\" style=\\"--background-image:url('/public/images/setting.svg');\\"></a></nav><main><div id=\\"content-header\\"><h1>Select Company To Send Your Query To</h1><div id=\\"content-header-nav\\"><a title=\\"home\\" class=\\"nav icon\\" href=\\"/\\"></a><a title=\\"Query Management\\" href=\\"/queries\\">Query Management</a><a title=\\"New\\" href=\\"/queries/new\\">New</a><a title=\\"Scope 3 Carbon Consumption\\" href=\\"/queries/new/scope-3-carbon-consumption\\">Scope 3 Carbon Consumption</a></div></div><div id=\\"content-main\\"><div class=\\"connections header\\"></div><div class=\\"card-body\\"><div><div class=\\"container-scope3-carbon\\"><div class=\\"scope3-co2-left\\"><h1>Total Carbon Embodiment</h1><p class=\\"query-text-carbon3-consumption\\">Creates a query for obtaining the total carbon embodiment for a given product/component.</p></div><div class=\\"scope3-co2-right\\"><p>Choose the product that you want to apply the query “What is the total carbon embodiment for the product/component below?” to.</p><form id=\\"scope-3-carbon-consumption\\" hx-post=\\"/queries/new/scope-3-carbon-consumption/stage\\" hx-select=\\"main > *\\" hx-target=\\"main\\" hx-swap=\\"innerHTML\\"><input type=\\"hidden\\" name=\\"connectionId\\" value=\\"connection-id\\"/><div class=\\"input-container\\"><label for=\\"productId-input\\" class=\\"input-label\\">Product ID</label><input id=\\"productId-input\\" name=\\"productId\\" placeholder=\\"BX20001\\" class=\\"input-with-label\\" type=\\"text\\" required/><p class=\\"additional-input-label\\">Product ID</p></div><div class=\\"input-container\\"><label for=\\"productQuantity-input\\" class=\\"input-label\\">Quantity</label><input id=\\"productQuantity-input\\" name=\\"quantity\\" type=\\"text\\" placeholder=\\"123\\" pattern=\\"^\\\\d+$\\" required class=\\"input-with-label\\"/><p class=\\"additional-input-label\\">Quantity of product</p></div><button class=\\"button  \\" data-variant=\\"filled\\" type=\\"submit\\" name=\\"action\\" value=\\"success\\"><span>Submit Query</span></button></form></div></div></div></div></div></main></body></html>"`;

exports[`Scope3CarbonConsumptionTemplates newScope3CarbonConsumptionFormPage success 1`] = `"<!DOCTYPE html><html lang=\\"en\\"><head><script src=\\"/lib/htmx.org/htmx.min.js\\"></script><script src=\\"/lib/htmx-ext-json-enc/json-enc.js\\"></script><script src=\\"/public/scripts/auth-redirect.js\\"></script><link rel=\\"icon\\" type=\\"image/ico\\" href=\\"/public/images/favicon-dark.ico\\" media=\\"(prefers-color-scheme: dark)\\"/><link rel=\\"icon\\" type=\\"image/ico\\" href=\\"/public/images/favicon.ico\\" media=\\"(prefers-color-scheme: light), (prefers-color-scheme: no-preference)\\"/><link rel=\\"stylesheet\\" type=\\"text/css\\" href=\\"/public/styles/main.css\\"/><title>Veritable - New Scope 3 Carbon Consumption Query</title></head><body hx-ext=\\"json-enc\\"><nav id=\\"side-bar\\"><img src=\\"/public/images/logo-square.svg\\"/><div class=\\"profile-icon\\" style=\\"background-color:#38b6ff;\\">A</div><a title=\\"categories\\" href=\\"/\\" style=\\"--background-image:url('/public/images/category.svg');\\"></a><a title=\\"queries\\" href=\\"/queries\\" data-active style=\\"--background-image:url('/public/images/query.svg');\\"></a><a title=\\"credentials\\" href=\\"/credentials\\" style=\\"--background-image:url('/public/images/credential.svg');\\"></a><a title=\\"connections\\" href=\\"/connection\\" style=\\"--background-image:url('/public/images/connection.svg');\\"></a><a title=\\"settings\\" href=\\"#\\" class=\\"disabled\\" style=\\"--background-image:url('/public/images/setting.svg');\\"></a></nav><main><div id=\\"content-header\\"><h1>Select Company To Send Your Query To</h1><div id=\\"content-header-nav\\"><a title=\\"home\\" class=\\"nav icon\\" href=\\"/\\"></a><a title=\\"Query Management\\" href=\\"/queries\\">Query Management</a><a title=\\"New\\" href=\\"/queries/new\\">New</a><a title=\\"Scope 3 Carbon Consumption\\" href=\\"/queries/new/scope-3-carbon-consumption\\">Scope 3 Carbon Consumption</a></div></div><div id=\\"content-main\\"><div class=\\"connections header\\"></div><div class=\\"card-body\\"><div id=\\"new-query-confirmation-text\\"><h2>Thank you for your response!</h2><p>You have successfully forwarded the query to the following supplier(s) for their carbon contribution to the product/component:</p><i><p>company1</p></i><p>Once all supplier responses are received, they will be automatically gathered and securely sent to Alice’s Company. You do not need to take any further action. The process is fully automated, ensuring transparency and trust in the final result.</p><p>You can check the status of your forwarded queries in the Queries section of your dashboard.</p><br/><a class=\\"button \\" href=\\"/\\" data-variant=\\"filled\\"><span>Back to Home</span></a></div></div></div></main></body></html>"`;
